Component: ARM Compiler 5.06 update 6 (build 750) Tool: armlink [4d35ed]

==============================================================================

Section Cross References

    main.o(.text) refers to main.o(.data) for coord
    main.o(.text) refers to misc.o(.text) for NVIC_SetVectorTable
    main.o(.text) refers to stm32f2xx_rcc.o(.text) for RCC_APB2PeriphClockCmd
    main.o(.text) refers to stm32f2xx_syscfg.o(.text) for SYSCFG_EXTILineConfig
    main.o(.text) refers to stm32f2xx_exti.o(.text) for EXTI_Init
    main.o(.text) refers to stm32f2xx_gpio.o(.text) for GPIO_Init
    main.o(.text) refers to stm32f2xx_fsmc.o(.text) for FSMC_NORSRAMInit
    main.o(.text) refers to main.o(.bss) for p
    stm32f2xx_it.o(.text) refers to stm32f2xx_tim.o(.text) for TIM_GetITStatus
    stm32f2xx_it.o(.text) refers to stm32f2xx_gpio.o(.text) for GPIO_ToggleBits
    stm32f2xx_adc.o(.text) refers to stm32f2xx_rcc.o(.text) for RCC_APB2PeriphResetCmd
    stm32f2xx_can.o(.text) refers to stm32f2xx_rcc.o(.text) for RCC_APB1PeriphResetCmd
    stm32f2xx_cryp.o(.text) refers to stm32f2xx_rcc.o(.text) for RCC_AHB2PeriphResetCmd
    stm32f2xx_cryp_aes.o(.text) refers to stm32f2xx_cryp.o(.text) for CRYP_KeyStructInit
    stm32f2xx_cryp_des.o(.text) refers to stm32f2xx_cryp.o(.text) for CRYP_KeyStructInit
    stm32f2xx_cryp_tdes.o(.text) refers to stm32f2xx_cryp.o(.text) for CRYP_KeyStructInit
    stm32f2xx_dac.o(.text) refers to stm32f2xx_rcc.o(.text) for RCC_APB1PeriphResetCmd
    stm32f2xx_gpio.o(.text) refers to stm32f2xx_rcc.o(.text) for RCC_AHB1PeriphResetCmd
    stm32f2xx_hash.o(.text) refers to stm32f2xx_rcc.o(.text) for RCC_AHB2PeriphResetCmd
    stm32f2xx_hash_md5.o(.text) refers to stm32f2xx_hash.o(.text) for HASH_DeInit
    stm32f2xx_hash_sha1.o(.text) refers to stm32f2xx_hash.o(.text) for HASH_DeInit
    stm32f2xx_i2c.o(.text) refers to stm32f2xx_rcc.o(.text) for RCC_APB1PeriphResetCmd
    stm32f2xx_pwr.o(.text) refers to stm32f2xx_rcc.o(.text) for RCC_APB1PeriphResetCmd
    stm32f2xx_rcc.o(.text) refers to stm32f2xx_rcc.o(.data) for APBAHBPrescTable
    stm32f2xx_rng.o(.text) refers to stm32f2xx_rcc.o(.text) for RCC_AHB2PeriphResetCmd
    stm32f2xx_sdio.o(.text) refers to stm32f2xx_rcc.o(.text) for RCC_APB2PeriphResetCmd
    stm32f2xx_spi.o(.text) refers to stm32f2xx_rcc.o(.text) for RCC_APB2PeriphResetCmd
    stm32f2xx_syscfg.o(.text) refers to stm32f2xx_rcc.o(.text) for RCC_APB2PeriphResetCmd
    stm32f2xx_tim.o(.text) refers to stm32f2xx_rcc.o(.text) for RCC_APB2PeriphResetCmd
    stm32f2xx_usart.o(.text) refers to stm32f2xx_rcc.o(.text) for RCC_APB2PeriphResetCmd
    stm32f2xx_wwdg.o(.text) refers to stm32f2xx_rcc.o(.text) for RCC_APB1PeriphResetCmd
    system_stm32f2xx.o(.text) refers to system_stm32f2xx.o(.data) for SystemCoreClock
    startup_stm32f2xx.o(STACK) refers (Special) to heapauxi.o(.text) for __use_two_region_memory
    startup_stm32f2xx.o(HEAP) refers (Special) to heapauxi.o(.text) for __use_two_region_memory
    startup_stm32f2xx.o(RESET) refers (Special) to heapauxi.o(.text) for __use_two_region_memory
    startup_stm32f2xx.o(RESET) refers to startup_stm32f2xx.o(STACK) for __initial_sp
    startup_stm32f2xx.o(RESET) refers to startup_stm32f2xx.o(.text) for Reset_Handler
    startup_stm32f2xx.o(RESET) refers to stm32f2xx_it.o(.text) for NMI_Handler
    startup_stm32f2xx.o(RESET) refers to main.o(.text) for EXTI0_IRQHandler
    startup_stm32f2xx.o(.text) refers (Special) to heapauxi.o(.text) for __use_two_region_memory
    startup_stm32f2xx.o(.text) refers to __main.o(!!!main) for __main
    startup_stm32f2xx.o(.text) refers to startup_stm32f2xx.o(HEAP) for Heap_Mem
    startup_stm32f2xx.o(.text) refers to startup_stm32f2xx.o(STACK) for Stack_Mem
    __main.o(!!!main) refers to __rtentry.o(.ARM.Collect$$rtentry$$00000000) for __rt_entry
    __rtentry.o(.ARM.Collect$$rtentry$$00000000) refers (Special) to __rtentry2.o(.ARM.Collect$$rtentry$$0000000A) for __rt_entry_li
    __rtentry.o(.ARM.Collect$$rtentry$$00000000) refers (Special) to __rtentry2.o(.ARM.Collect$$rtentry$$0000000D) for __rt_entry_main
    __rtentry.o(.ARM.Collect$$rtentry$$00000000) refers (Special) to __rtentry2.o(.ARM.Collect$$rtentry$$0000000C) for __rt_entry_postli_1
    __rtentry.o(.ARM.Collect$$rtentry$$00000000) refers (Special) to __rtentry2.o(.ARM.Collect$$rtentry$$00000009) for __rt_entry_postsh_1
    __rtentry.o(.ARM.Collect$$rtentry$$00000000) refers (Special) to __rtentry2.o(.ARM.Collect$$rtentry$$00000002) for __rt_entry_presh_1
    __rtentry.o(.ARM.Collect$$rtentry$$00000000) refers (Special) to __rtentry4.o(.ARM.Collect$$rtentry$$00000004) for __rt_entry_sh
    __rtentry2.o(.ARM.Collect$$rtentry$$00000008) refers to boardinit2.o(.text) for _platform_post_stackheap_init
    __rtentry2.o(.ARM.Collect$$rtentry$$0000000A) refers to libinit.o(.ARM.Collect$$libinit$$00000000) for __rt_lib_init
    __rtentry2.o(.ARM.Collect$$rtentry$$0000000B) refers to boardinit3.o(.text) for _platform_post_lib_init
    __rtentry2.o(.ARM.Collect$$rtentry$$0000000D) refers to main.o(.text) for main
    __rtentry2.o(.ARM.Collect$$rtentry$$0000000D) refers to exit.o(.text) for exit
    __rtentry2.o(.ARM.exidx) refers to __rtentry2.o(.ARM.Collect$$rtentry$$00000001) for .ARM.Collect$$rtentry$$00000001
    __rtentry2.o(.ARM.exidx) refers to __rtentry2.o(.ARM.Collect$$rtentry$$00000008) for .ARM.Collect$$rtentry$$00000008
    __rtentry2.o(.ARM.exidx) refers to __rtentry2.o(.ARM.Collect$$rtentry$$0000000A) for .ARM.Collect$$rtentry$$0000000A
    __rtentry2.o(.ARM.exidx) refers to __rtentry2.o(.ARM.Collect$$rtentry$$0000000B) for .ARM.Collect$$rtentry$$0000000B
    __rtentry2.o(.ARM.exidx) refers to __rtentry2.o(.ARM.Collect$$rtentry$$0000000D) for .ARM.Collect$$rtentry$$0000000D
    __rtentry4.o(.ARM.Collect$$rtentry$$00000004) refers to sys_stackheap_outer.o(.text) for __user_setup_stackheap
    __rtentry4.o(.ARM.exidx) refers to __rtentry4.o(.ARM.Collect$$rtentry$$00000004) for .ARM.Collect$$rtentry$$00000004
    sys_stackheap_outer.o(.text) refers to libspace.o(.text) for __user_perproc_libspace
    sys_stackheap_outer.o(.text) refers to startup_stm32f2xx.o(.text) for __user_initial_stackheap
    exit.o(.text) refers to rtexit.o(.ARM.Collect$$rtexit$$00000000) for __rt_exit
    libinit.o(.ARM.Collect$$libinit$$00000000) refers (Special) to libinit2.o(.ARM.Collect$$libinit$$0000002E) for __rt_lib_init_alloca_1
    libinit.o(.ARM.Collect$$libinit$$00000000) refers (Special) to libinit2.o(.ARM.Collect$$libinit$$0000002C) for __rt_lib_init_argv_1
    libinit.o(.ARM.Collect$$libinit$$00000000) refers (Special) to libinit2.o(.ARM.Collect$$libinit$$0000001B) for __rt_lib_init_atexit_1
    libinit.o(.ARM.Collect$$libinit$$00000000) refers (Special) to libinit2.o(.ARM.Collect$$libinit$$00000021) for __rt_lib_init_clock_1
    libinit.o(.ARM.Collect$$libinit$$00000000) refers (Special) to libinit2.o(.ARM.Collect$$libinit$$00000032) for __rt_lib_init_cpp_1
    libinit.o(.ARM.Collect$$libinit$$00000000) refers (Special) to libinit2.o(.ARM.Collect$$libinit$$00000030) for __rt_lib_init_exceptions_1
    libinit.o(.ARM.Collect$$libinit$$00000000) refers (Special) to libinit2.o(.ARM.Collect$$libinit$$00000002) for __rt_lib_init_fp_1
    libinit.o(.ARM.Collect$$libinit$$00000000) refers (Special) to libinit2.o(.ARM.Collect$$libinit$$0000001F) for __rt_lib_init_fp_trap_1
    libinit.o(.ARM.Collect$$libinit$$00000000) refers (Special) to libinit2.o(.ARM.Collect$$libinit$$00000023) for __rt_lib_init_getenv_1
    libinit.o(.ARM.Collect$$libinit$$00000000) refers (Special) to libinit2.o(.ARM.Collect$$libinit$$0000000A) for __rt_lib_init_heap_1
    libinit.o(.ARM.Collect$$libinit$$00000000) refers (Special) to libinit2.o(.ARM.Collect$$libinit$$00000011) for __rt_lib_init_lc_collate_1
    libinit.o(.ARM.Collect$$libinit$$00000000) refers (Special) to libinit2.o(.ARM.Collect$$libinit$$00000013) for __rt_lib_init_lc_ctype_1
    libinit.o(.ARM.Collect$$libinit$$00000000) refers (Special) to libinit2.o(.ARM.Collect$$libinit$$00000015) for __rt_lib_init_lc_monetary_1
    libinit.o(.ARM.Collect$$libinit$$00000000) refers (Special) to libinit2.o(.ARM.Collect$$libinit$$00000017) for __rt_lib_init_lc_numeric_1
    libinit.o(.ARM.Collect$$libinit$$00000000) refers (Special) to libinit2.o(.ARM.Collect$$libinit$$00000019) for __rt_lib_init_lc_time_1
    libinit.o(.ARM.Collect$$libinit$$00000000) refers (Special) to libinit2.o(.ARM.Collect$$libinit$$00000004) for __rt_lib_init_preinit_1
    libinit.o(.ARM.Collect$$libinit$$00000000) refers (Special) to libinit2.o(.ARM.Collect$$libinit$$0000000E) for __rt_lib_init_rand_1
    libinit.o(.ARM.Collect$$libinit$$00000000) refers (Special) to libinit2.o(.ARM.Collect$$libinit$$00000033) for __rt_lib_init_return
    libinit.o(.ARM.Collect$$libinit$$00000000) refers (Special) to libinit2.o(.ARM.Collect$$libinit$$0000001D) for __rt_lib_init_signal_1
    libinit.o(.ARM.Collect$$libinit$$00000000) refers (Special) to libinit2.o(.ARM.Collect$$libinit$$00000025) for __rt_lib_init_stdio_1
    libinit.o(.ARM.Collect$$libinit$$00000000) refers (Special) to libinit2.o(.ARM.Collect$$libinit$$0000000C) for __rt_lib_init_user_alloc_1
    libspace.o(.text) refers to libspace.o(.bss) for __libspace_start
    rtexit.o(.ARM.Collect$$rtexit$$00000000) refers (Special) to rtexit2.o(.ARM.Collect$$rtexit$$00000004) for __rt_exit_exit
    rtexit.o(.ARM.Collect$$rtexit$$00000000) refers (Special) to rtexit2.o(.ARM.Collect$$rtexit$$00000003) for __rt_exit_ls
    rtexit.o(.ARM.Collect$$rtexit$$00000000) refers (Special) to rtexit2.o(.ARM.Collect$$rtexit$$00000002) for __rt_exit_prels_1
    rtexit.o(.ARM.exidx) refers (Special) to rtexit2.o(.ARM.Collect$$rtexit$$00000004) for __rt_exit_exit
    rtexit.o(.ARM.exidx) refers (Special) to rtexit2.o(.ARM.Collect$$rtexit$$00000003) for __rt_exit_ls
    rtexit.o(.ARM.exidx) refers (Special) to rtexit2.o(.ARM.Collect$$rtexit$$00000002) for __rt_exit_prels_1
    rtexit.o(.ARM.exidx) refers to rtexit.o(.ARM.Collect$$rtexit$$00000000) for .ARM.Collect$$rtexit$$00000000
    libinit2.o(.ARM.Collect$$libinit$$00000010) refers to libinit2.o(.ARM.Collect$$libinit$$0000000F) for .ARM.Collect$$libinit$$0000000F
    libinit2.o(.ARM.Collect$$libinit$$00000012) refers to libinit2.o(.ARM.Collect$$libinit$$0000000F) for .ARM.Collect$$libinit$$0000000F
    libinit2.o(.ARM.Collect$$libinit$$00000014) refers to libinit2.o(.ARM.Collect$$libinit$$0000000F) for .ARM.Collect$$libinit$$0000000F
    libinit2.o(.ARM.Collect$$libinit$$00000016) refers to libinit2.o(.ARM.Collect$$libinit$$0000000F) for .ARM.Collect$$libinit$$0000000F
    libinit2.o(.ARM.Collect$$libinit$$00000018) refers to libinit2.o(.ARM.Collect$$libinit$$0000000F) for .ARM.Collect$$libinit$$0000000F
    libinit2.o(.ARM.Collect$$libinit$$00000026) refers to argv_veneer.o(.emb_text) for __ARM_argv_veneer
    libinit2.o(.ARM.Collect$$libinit$$00000027) refers to argv_veneer.o(.emb_text) for __ARM_argv_veneer
    rtexit2.o(.ARM.Collect$$rtexit$$00000003) refers to libshutdown.o(.ARM.Collect$$libshutdown$$00000000) for __rt_lib_shutdown
    rtexit2.o(.ARM.Collect$$rtexit$$00000004) refers to sys_exit.o(.text) for _sys_exit
    rtexit2.o(.ARM.exidx) refers to rtexit2.o(.ARM.Collect$$rtexit$$00000001) for .ARM.Collect$$rtexit$$00000001
    rtexit2.o(.ARM.exidx) refers to rtexit2.o(.ARM.Collect$$rtexit$$00000003) for .ARM.Collect$$rtexit$$00000003
    rtexit2.o(.ARM.exidx) refers to rtexit2.o(.ARM.Collect$$rtexit$$00000004) for .ARM.Collect$$rtexit$$00000004
    argv_veneer.o(.emb_text) refers to no_argv.o(.text) for __ARM_get_argv
    sys_exit.o(.text) refers (Special) to use_no_semi.o(.text) for __I$use$semihosting
    sys_exit.o(.text) refers (Special) to indicate_semi.o(.text) for __semihosting_library_function
    _get_argv_nomalloc.o(.text) refers (Special) to hrguard.o(.text) for __heap_region$guard
    _get_argv_nomalloc.o(.text) refers to defsig_rtmem_outer.o(.text) for __rt_SIGRTMEM
    _get_argv_nomalloc.o(.text) refers to sys_command.o(.text) for _sys_command_string
    libshutdown.o(.ARM.Collect$$libshutdown$$00000000) refers (Special) to libshutdown2.o(.ARM.Collect$$libshutdown$$00000002) for __rt_lib_shutdown_cpp_1
    libshutdown.o(.ARM.Collect$$libshutdown$$00000000) refers (Special) to libshutdown2.o(.ARM.Collect$$libshutdown$$00000007) for __rt_lib_shutdown_fp_trap_1
    libshutdown.o(.ARM.Collect$$libshutdown$$00000000) refers (Special) to libshutdown2.o(.ARM.Collect$$libshutdown$$0000000F) for __rt_lib_shutdown_heap_1
    libshutdown.o(.ARM.Collect$$libshutdown$$00000000) refers (Special) to libshutdown2.o(.ARM.Collect$$libshutdown$$00000010) for __rt_lib_shutdown_return
    libshutdown.o(.ARM.Collect$$libshutdown$$00000000) refers (Special) to libshutdown2.o(.ARM.Collect$$libshutdown$$0000000A) for __rt_lib_shutdown_signal_1
    libshutdown.o(.ARM.Collect$$libshutdown$$00000000) refers (Special) to libshutdown2.o(.ARM.Collect$$libshutdown$$00000004) for __rt_lib_shutdown_stdio_1
    libshutdown.o(.ARM.Collect$$libshutdown$$00000000) refers (Special) to libshutdown2.o(.ARM.Collect$$libshutdown$$0000000C) for __rt_lib_shutdown_user_alloc_1
    sys_command.o(.text) refers (Special) to use_no_semi.o(.text) for __I$use$semihosting
    sys_command.o(.text) refers (Special) to indicate_semi.o(.text) for __semihosting_library_function
    defsig_rtmem_outer.o(.text) refers to defsig_rtmem_inner.o(.text) for __rt_SIGRTMEM_inner
    defsig_rtmem_outer.o(.text) refers to defsig_exit.o(.text) for __sig_exit
    defsig_rtmem_formal.o(.text) refers to rt_raise.o(.text) for __rt_raise
    rt_raise.o(.text) refers to __raise.o(.text) for __raise
    rt_raise.o(.text) refers to sys_exit.o(.text) for _sys_exit
    defsig_exit.o(.text) refers to sys_exit.o(.text) for _sys_exit
    defsig_rtmem_inner.o(.text) refers to defsig_general.o(.text) for __default_signal_display
    __raise.o(.text) refers to defsig.o(CL$$defsig) for __default_signal_handler
    defsig_general.o(.text) refers to sys_wrch.o(.text) for _ttywrch
    sys_wrch.o(.text) refers (Special) to use_no_semi.o(.text) for __I$use$semihosting
    sys_wrch.o(.text) refers (Special) to indicate_semi.o(.text) for __semihosting_library_function
    defsig.o(CL$$defsig) refers to defsig_rtmem_inner.o(.text) for __rt_SIGRTMEM_inner
    defsig_abrt_inner.o(.text) refers to defsig_general.o(.text) for __default_signal_display
    defsig_fpe_inner.o(.text) refers to defsig_general.o(.text) for __default_signal_display
    defsig_rtred_inner.o(.text) refers to defsig_general.o(.text) for __default_signal_display
    defsig_stak_inner.o(.text) refers to defsig_general.o(.text) for __default_signal_display
    defsig_pvfn_inner.o(.text) refers to defsig_general.o(.text) for __default_signal_display
    defsig_cppl_inner.o(.text) refers to defsig_general.o(.text) for __default_signal_display
    defsig_segv_inner.o(.text) refers to defsig_general.o(.text) for __default_signal_display
    defsig_other.o(.text) refers to defsig_general.o(.text) for __default_signal_display


==============================================================================

Removing Unused input sections from the image.

    Removing main.o(.emb_text), (8 bytes).
    Removing stm32f2xx_it.o(.emb_text), (8 bytes).
    Removing misc.o(.emb_text), (8 bytes).
    Removing stm32f2xx_adc.o(.emb_text), (8 bytes).
    Removing stm32f2xx_adc.o(.text), (1124 bytes).
    Removing stm32f2xx_can.o(.emb_text), (8 bytes).
    Removing stm32f2xx_can.o(.text), (2544 bytes).
    Removing stm32f2xx_crc.o(.emb_text), (8 bytes).
    Removing stm32f2xx_crc.o(.text), (72 bytes).
    Removing stm32f2xx_cryp.o(.emb_text), (8 bytes).
    Removing stm32f2xx_cryp.o(.text), (660 bytes).
    Removing stm32f2xx_cryp_aes.o(.emb_text), (8 bytes).
    Removing stm32f2xx_cryp_aes.o(.text), (1524 bytes).
    Removing stm32f2xx_cryp_des.o(.emb_text), (8 bytes).
    Removing stm32f2xx_cryp_des.o(.text), (468 bytes).
    Removing stm32f2xx_cryp_tdes.o(.emb_text), (8 bytes).
    Removing stm32f2xx_cryp_tdes.o(.text), (532 bytes).
    Removing stm32f2xx_dac.o(.emb_text), (8 bytes).
    Removing stm32f2xx_dac.o(.text), (528 bytes).
    Removing stm32f2xx_dbgmcu.o(.emb_text), (8 bytes).
    Removing stm32f2xx_dbgmcu.o(.text), (100 bytes).
    Removing stm32f2xx_dcmi.o(.emb_text), (8 bytes).
    Removing stm32f2xx_dcmi.o(.text), (396 bytes).
    Removing stm32f2xx_dma.o(.emb_text), (8 bytes).
    Removing stm32f2xx_dma.o(.text), (936 bytes).
    Removing stm32f2xx_exti.o(.emb_text), (8 bytes).
    Removing stm32f2xx_flash.o(.emb_text), (8 bytes).
    Removing stm32f2xx_flash.o(.text), (1212 bytes).
    Removing stm32f2xx_fsmc.o(.emb_text), (8 bytes).
    Removing stm32f2xx_gpio.o(.emb_text), (8 bytes).
    Removing stm32f2xx_hash.o(.emb_text), (8 bytes).
    Removing stm32f2xx_hash.o(.text), (496 bytes).
    Removing stm32f2xx_hash_md5.o(.emb_text), (8 bytes).
    Removing stm32f2xx_hash_md5.o(.text), (534 bytes).
    Removing stm32f2xx_hash_sha1.o(.emb_text), (8 bytes).
    Removing stm32f2xx_hash_sha1.o(.text), (548 bytes).
    Removing stm32f2xx_i2c.o(.emb_text), (8 bytes).
    Removing stm32f2xx_i2c.o(.text), (1064 bytes).
    Removing stm32f2xx_iwdg.o(.emb_text), (8 bytes).
    Removing stm32f2xx_iwdg.o(.text), (64 bytes).
    Removing stm32f2xx_pwr.o(.emb_text), (8 bytes).
    Removing stm32f2xx_pwr.o(.text), (216 bytes).
    Removing stm32f2xx_rcc.o(.emb_text), (8 bytes).
    Removing stm32f2xx_rng.o(.emb_text), (8 bytes).
    Removing stm32f2xx_rng.o(.text), (160 bytes).
    Removing stm32f2xx_rtc.o(.emb_text), (8 bytes).
    Removing stm32f2xx_rtc.o(.text), (2824 bytes).
    Removing stm32f2xx_sdio.o(.emb_text), (8 bytes).
    Removing stm32f2xx_sdio.o(.text), (476 bytes).
    Removing stm32f2xx_spi.o(.emb_text), (8 bytes).
    Removing stm32f2xx_spi.o(.text), (936 bytes).
    Removing stm32f2xx_syscfg.o(.emb_text), (8 bytes).
    Removing stm32f2xx_tim.o(.emb_text), (8 bytes).
    Removing stm32f2xx_usart.o(.emb_text), (8 bytes).
    Removing stm32f2xx_usart.o(.text), (1050 bytes).
    Removing stm32f2xx_wwdg.o(.emb_text), (8 bytes).
    Removing stm32f2xx_wwdg.o(.text), (144 bytes).
    Removing system_stm32f2xx.o(.emb_text), (8 bytes).
    Removing system_stm32f2xx.o(.text), (480 bytes).
    Removing system_stm32f2xx.o(.data), (20 bytes).

60 unused section(s) (total 19380 bytes) removed from the image.

==============================================================================

Image Symbol Table

    Local Symbols

    Symbol Name                              Value     Ov Type        Size  Object(Section)

    ../clib/angel/boardlib.s                 0x00000000   Number         0  boardinit3.o ABSOLUTE
    ../clib/angel/boardlib.s                 0x00000000   Number         0  boardinit1.o ABSOLUTE
    ../clib/angel/boardlib.s                 0x00000000   Number         0  boardinit2.o ABSOLUTE
    ../clib/angel/boardlib.s                 0x00000000   Number         0  boardshut.o ABSOLUTE
    ../clib/angel/dczerorl2.s                0x00000000   Number         0  __dczerorl2.o ABSOLUTE
    ../clib/angel/handlers.s                 0x00000000   Number         0  __scatter_zi.o ABSOLUTE
    ../clib/angel/kernel.s                   0x00000000   Number         0  __rtentry4.o ABSOLUTE
    ../clib/angel/kernel.s                   0x00000000   Number         0  __rtentry.o ABSOLUTE
    ../clib/angel/kernel.s                   0x00000000   Number         0  __rtentry2.o ABSOLUTE
    ../clib/angel/kernel.s                   0x00000000   Number         0  rtexit2.o ABSOLUTE
    ../clib/angel/kernel.s                   0x00000000   Number         0  rtexit.o ABSOLUTE
    ../clib/angel/rt.s                       0x00000000   Number         0  rt_raise.o ABSOLUTE
    ../clib/angel/scatter.s                  0x00000000   Number         0  __scatter.o ABSOLUTE
    ../clib/angel/startup.s                  0x00000000   Number         0  __main.o ABSOLUTE
    ../clib/angel/sys.s                      0x00000000   Number         0  indicate_semi.o ABSOLUTE
    ../clib/angel/sys.s                      0x00000000   Number         0  use_no_semi.o ABSOLUTE
    ../clib/angel/sys.s                      0x00000000   Number         0  sys_stackheap_outer.o ABSOLUTE
    ../clib/angel/sys.s                      0x00000000   Number         0  libspace.o ABSOLUTE
    ../clib/angel/sysapp.c                   0x00000000   Number         0  sys_command.o ABSOLUTE
    ../clib/angel/sysapp.c                   0x00000000   Number         0  sys_wrch.o ABSOLUTE
    ../clib/angel/sysapp.c                   0x00000000   Number         0  sys_exit.o ABSOLUTE
    ../clib/armsys.c                         0x00000000   Number         0  no_argv.o ABSOLUTE
    ../clib/armsys.c                         0x00000000   Number         0  argv_veneer.o ABSOLUTE
    ../clib/armsys.c                         0x00000000   Number         0  _get_argv_nomalloc.o ABSOLUTE
    ../clib/armsys.c                         0x00000000   Number         0  argv_veneer.o ABSOLUTE
    ../clib/heapalloc.c                      0x00000000   Number         0  hrguard.o ABSOLUTE
    ../clib/heapaux.c                        0x00000000   Number         0  heapauxi.o ABSOLUTE
    ../clib/libinit.s                        0x00000000   Number         0  libshutdown.o ABSOLUTE
    ../clib/libinit.s                        0x00000000   Number         0  libshutdown2.o ABSOLUTE
    ../clib/libinit.s                        0x00000000   Number         0  libinit.o ABSOLUTE
    ../clib/libinit.s                        0x00000000   Number         0  libinit2.o ABSOLUTE
    ../clib/signal.c                         0x00000000   Number         0  defsig_exit.o ABSOLUTE
    ../clib/signal.c                         0x00000000   Number         0  defsig_rtmem_formal.o ABSOLUTE
    ../clib/signal.c                         0x00000000   Number         0  defsig_rtmem_outer.o ABSOLUTE
    ../clib/signal.c                         0x00000000   Number         0  defsig_pvfn_inner.o ABSOLUTE
    ../clib/signal.c                         0x00000000   Number         0  defsig_stak_inner.o ABSOLUTE
    ../clib/signal.c                         0x00000000   Number         0  defsig_rtred_inner.o ABSOLUTE
    ../clib/signal.c                         0x00000000   Number         0  defsig_abrt_inner.o ABSOLUTE
    ../clib/signal.c                         0x00000000   Number         0  defsig_fpe_inner.o ABSOLUTE
    ../clib/signal.c                         0x00000000   Number         0  defsig_cppl_inner.o ABSOLUTE
    ../clib/signal.c                         0x00000000   Number         0  defsig_segv_inner.o ABSOLUTE
    ../clib/signal.c                         0x00000000   Number         0  defsig_other.o ABSOLUTE
    ../clib/signal.c                         0x00000000   Number         0  defsig_general.o ABSOLUTE
    ../clib/signal.c                         0x00000000   Number         0  defsig_rtmem_inner.o ABSOLUTE
    ../clib/signal.c                         0x00000000   Number         0  __raise.o ABSOLUTE
    ../clib/signal.s                         0x00000000   Number         0  defsig.o ABSOLUTE
    ../clib/stdlib.c                         0x00000000   Number         0  exit.o ABSOLUTE
    ../fplib/fpinit.s                        0x00000000   Number         0  fpinit.o ABSOLUTE
    StartUp\\system_stm32f2xx.c              0x00000000   Number         0  system_stm32f2xx.o ABSOLUTE
    StartUp\startup_stm32f2xx.s              0x00000000   Number         0  startup_stm32f2xx.o ABSOLUTE
    StartUp\system_stm32f2xx.c               0x00000000   Number         0  system_stm32f2xx.o ABSOLUTE
    StdDriver\\misc.c                        0x00000000   Number         0  misc.o ABSOLUTE
    StdDriver\\stm32f2xx_adc.c               0x00000000   Number         0  stm32f2xx_adc.o ABSOLUTE
    StdDriver\\stm32f2xx_can.c               0x00000000   Number         0  stm32f2xx_can.o ABSOLUTE
    StdDriver\\stm32f2xx_crc.c               0x00000000   Number         0  stm32f2xx_crc.o ABSOLUTE
    StdDriver\\stm32f2xx_cryp.c              0x00000000   Number         0  stm32f2xx_cryp.o ABSOLUTE
    StdDriver\\stm32f2xx_cryp_aes.c          0x00000000   Number         0  stm32f2xx_cryp_aes.o ABSOLUTE
    StdDriver\\stm32f2xx_cryp_des.c          0x00000000   Number         0  stm32f2xx_cryp_des.o ABSOLUTE
    StdDriver\\stm32f2xx_cryp_tdes.c         0x00000000   Number         0  stm32f2xx_cryp_tdes.o ABSOLUTE
    StdDriver\\stm32f2xx_dac.c               0x00000000   Number         0  stm32f2xx_dac.o ABSOLUTE
    StdDriver\\stm32f2xx_dbgmcu.c            0x00000000   Number         0  stm32f2xx_dbgmcu.o ABSOLUTE
    StdDriver\\stm32f2xx_dcmi.c              0x00000000   Number         0  stm32f2xx_dcmi.o ABSOLUTE
    StdDriver\\stm32f2xx_dma.c               0x00000000   Number         0  stm32f2xx_dma.o ABSOLUTE
    StdDriver\\stm32f2xx_exti.c              0x00000000   Number         0  stm32f2xx_exti.o ABSOLUTE
    StdDriver\\stm32f2xx_flash.c             0x00000000   Number         0  stm32f2xx_flash.o ABSOLUTE
    StdDriver\\stm32f2xx_fsmc.c              0x00000000   Number         0  stm32f2xx_fsmc.o ABSOLUTE
    StdDriver\\stm32f2xx_gpio.c              0x00000000   Number         0  stm32f2xx_gpio.o ABSOLUTE
    StdDriver\\stm32f2xx_hash.c              0x00000000   Number         0  stm32f2xx_hash.o ABSOLUTE
    StdDriver\\stm32f2xx_hash_md5.c          0x00000000   Number         0  stm32f2xx_hash_md5.o ABSOLUTE
    StdDriver\\stm32f2xx_hash_sha1.c         0x00000000   Number         0  stm32f2xx_hash_sha1.o ABSOLUTE
    StdDriver\\stm32f2xx_i2c.c               0x00000000   Number         0  stm32f2xx_i2c.o ABSOLUTE
    StdDriver\\stm32f2xx_iwdg.c              0x00000000   Number         0  stm32f2xx_iwdg.o ABSOLUTE
    StdDriver\\stm32f2xx_pwr.c               0x00000000   Number         0  stm32f2xx_pwr.o ABSOLUTE
    StdDriver\\stm32f2xx_rcc.c               0x00000000   Number         0  stm32f2xx_rcc.o ABSOLUTE
    StdDriver\\stm32f2xx_rng.c               0x00000000   Number         0  stm32f2xx_rng.o ABSOLUTE
    StdDriver\\stm32f2xx_rtc.c               0x00000000   Number         0  stm32f2xx_rtc.o ABSOLUTE
    StdDriver\\stm32f2xx_sdio.c              0x00000000   Number         0  stm32f2xx_sdio.o ABSOLUTE
    StdDriver\\stm32f2xx_spi.c               0x00000000   Number         0  stm32f2xx_spi.o ABSOLUTE
    StdDriver\\stm32f2xx_syscfg.c            0x00000000   Number         0  stm32f2xx_syscfg.o ABSOLUTE
    StdDriver\\stm32f2xx_tim.c               0x00000000   Number         0  stm32f2xx_tim.o ABSOLUTE
    StdDriver\\stm32f2xx_usart.c             0x00000000   Number         0  stm32f2xx_usart.o ABSOLUTE
    StdDriver\\stm32f2xx_wwdg.c              0x00000000   Number         0  stm32f2xx_wwdg.o ABSOLUTE
    StdDriver\misc.c                         0x00000000   Number         0  misc.o ABSOLUTE
    StdDriver\stm32f2xx_adc.c                0x00000000   Number         0  stm32f2xx_adc.o ABSOLUTE
    StdDriver\stm32f2xx_can.c                0x00000000   Number         0  stm32f2xx_can.o ABSOLUTE
    StdDriver\stm32f2xx_crc.c                0x00000000   Number         0  stm32f2xx_crc.o ABSOLUTE
    StdDriver\stm32f2xx_cryp.c               0x00000000   Number         0  stm32f2xx_cryp.o ABSOLUTE
    StdDriver\stm32f2xx_cryp_aes.c           0x00000000   Number         0  stm32f2xx_cryp_aes.o ABSOLUTE
    StdDriver\stm32f2xx_cryp_des.c           0x00000000   Number         0  stm32f2xx_cryp_des.o ABSOLUTE
    StdDriver\stm32f2xx_cryp_tdes.c          0x00000000   Number         0  stm32f2xx_cryp_tdes.o ABSOLUTE
    StdDriver\stm32f2xx_dac.c                0x00000000   Number         0  stm32f2xx_dac.o ABSOLUTE
    StdDriver\stm32f2xx_dbgmcu.c             0x00000000   Number         0  stm32f2xx_dbgmcu.o ABSOLUTE
    StdDriver\stm32f2xx_dcmi.c               0x00000000   Number         0  stm32f2xx_dcmi.o ABSOLUTE
    StdDriver\stm32f2xx_dma.c                0x00000000   Number         0  stm32f2xx_dma.o ABSOLUTE
    StdDriver\stm32f2xx_exti.c               0x00000000   Number         0  stm32f2xx_exti.o ABSOLUTE
    StdDriver\stm32f2xx_flash.c              0x00000000   Number         0  stm32f2xx_flash.o ABSOLUTE
    StdDriver\stm32f2xx_fsmc.c               0x00000000   Number         0  stm32f2xx_fsmc.o ABSOLUTE
    StdDriver\stm32f2xx_gpio.c               0x00000000   Number         0  stm32f2xx_gpio.o ABSOLUTE
    StdDriver\stm32f2xx_hash.c               0x00000000   Number         0  stm32f2xx_hash.o ABSOLUTE
    StdDriver\stm32f2xx_hash_md5.c           0x00000000   Number         0  stm32f2xx_hash_md5.o ABSOLUTE
    StdDriver\stm32f2xx_hash_sha1.c          0x00000000   Number         0  stm32f2xx_hash_sha1.o ABSOLUTE
    StdDriver\stm32f2xx_i2c.c                0x00000000   Number         0  stm32f2xx_i2c.o ABSOLUTE
    StdDriver\stm32f2xx_iwdg.c               0x00000000   Number         0  stm32f2xx_iwdg.o ABSOLUTE
    StdDriver\stm32f2xx_pwr.c                0x00000000   Number         0  stm32f2xx_pwr.o ABSOLUTE
    StdDriver\stm32f2xx_rcc.c                0x00000000   Number         0  stm32f2xx_rcc.o ABSOLUTE
    StdDriver\stm32f2xx_rng.c                0x00000000   Number         0  stm32f2xx_rng.o ABSOLUTE
    StdDriver\stm32f2xx_rtc.c                0x00000000   Number         0  stm32f2xx_rtc.o ABSOLUTE
    StdDriver\stm32f2xx_sdio.c               0x00000000   Number         0  stm32f2xx_sdio.o ABSOLUTE
    StdDriver\stm32f2xx_spi.c                0x00000000   Number         0  stm32f2xx_spi.o ABSOLUTE
    StdDriver\stm32f2xx_syscfg.c             0x00000000   Number         0  stm32f2xx_syscfg.o ABSOLUTE
    StdDriver\stm32f2xx_tim.c                0x00000000   Number         0  stm32f2xx_tim.o ABSOLUTE
    StdDriver\stm32f2xx_usart.c              0x00000000   Number         0  stm32f2xx_usart.o ABSOLUTE
    StdDriver\stm32f2xx_wwdg.c               0x00000000   Number         0  stm32f2xx_wwdg.o ABSOLUTE
    User\\main.c                             0x00000000   Number         0  main.o ABSOLUTE
    User\\stm32f2xx_it.c                     0x00000000   Number         0  stm32f2xx_it.o ABSOLUTE
    User\main.c                              0x00000000   Number         0  main.o ABSOLUTE
    User\stm32f2xx_it.c                      0x00000000   Number         0  stm32f2xx_it.o ABSOLUTE
    dc.s                                     0x00000000   Number         0  dc.o ABSOLUTE
    RESET                                    0x08000000   Section      388  startup_stm32f2xx.o(RESET)
    !!!main                                  0x08000184   Section        8  __main.o(!!!main)
    !!!scatter                               0x0800018c   Section       52  __scatter.o(!!!scatter)
    !!dczerorl2                              0x080001c0   Section       90  __dczerorl2.o(!!dczerorl2)
    !!handler_zi                             0x0800021c   Section       28  __scatter_zi.o(!!handler_zi)
    .ARM.Collect$$libinit$$00000000          0x08000238   Section        2  libinit.o(.ARM.Collect$$libinit$$00000000)
    .ARM.Collect$$libinit$$00000002          0x0800023a   Section        0  libinit2.o(.ARM.Collect$$libinit$$00000002)
    .ARM.Collect$$libinit$$00000004          0x0800023a   Section        0  libinit2.o(.ARM.Collect$$libinit$$00000004)
    .ARM.Collect$$libinit$$0000000A          0x0800023a   Section        0  libinit2.o(.ARM.Collect$$libinit$$0000000A)
    .ARM.Collect$$libinit$$0000000C          0x0800023a   Section        0  libinit2.o(.ARM.Collect$$libinit$$0000000C)
    .ARM.Collect$$libinit$$0000000E          0x0800023a   Section        0  libinit2.o(.ARM.Collect$$libinit$$0000000E)
    .ARM.Collect$$libinit$$00000011          0x0800023a   Section        0  libinit2.o(.ARM.Collect$$libinit$$00000011)
    .ARM.Collect$$libinit$$00000013          0x0800023a   Section        0  libinit2.o(.ARM.Collect$$libinit$$00000013)
    .ARM.Collect$$libinit$$00000015          0x0800023a   Section        0  libinit2.o(.ARM.Collect$$libinit$$00000015)
    .ARM.Collect$$libinit$$00000017          0x0800023a   Section        0  libinit2.o(.ARM.Collect$$libinit$$00000017)
    .ARM.Collect$$libinit$$00000019          0x0800023a   Section        0  libinit2.o(.ARM.Collect$$libinit$$00000019)
    .ARM.Collect$$libinit$$0000001B          0x0800023a   Section        0  libinit2.o(.ARM.Collect$$libinit$$0000001B)
    .ARM.Collect$$libinit$$0000001D          0x0800023a   Section        0  libinit2.o(.ARM.Collect$$libinit$$0000001D)
    .ARM.Collect$$libinit$$0000001F          0x0800023a   Section        0  libinit2.o(.ARM.Collect$$libinit$$0000001F)
    .ARM.Collect$$libinit$$00000021          0x0800023a   Section        0  libinit2.o(.ARM.Collect$$libinit$$00000021)
    .ARM.Collect$$libinit$$00000023          0x0800023a   Section        0  libinit2.o(.ARM.Collect$$libinit$$00000023)
    .ARM.Collect$$libinit$$00000025          0x0800023a   Section        0  libinit2.o(.ARM.Collect$$libinit$$00000025)
    .ARM.Collect$$libinit$$0000002C          0x0800023a   Section        0  libinit2.o(.ARM.Collect$$libinit$$0000002C)
    .ARM.Collect$$libinit$$0000002E          0x0800023a   Section        0  libinit2.o(.ARM.Collect$$libinit$$0000002E)
    .ARM.Collect$$libinit$$00000030          0x0800023a   Section        0  libinit2.o(.ARM.Collect$$libinit$$00000030)
    .ARM.Collect$$libinit$$00000032          0x0800023a   Section        0  libinit2.o(.ARM.Collect$$libinit$$00000032)
    .ARM.Collect$$libinit$$00000033          0x0800023a   Section        2  libinit2.o(.ARM.Collect$$libinit$$00000033)
    .ARM.Collect$$libshutdown$$00000000      0x0800023c   Section        2  libshutdown.o(.ARM.Collect$$libshutdown$$00000000)
    .ARM.Collect$$libshutdown$$00000002      0x0800023e   Section        0  libshutdown2.o(.ARM.Collect$$libshutdown$$00000002)
    .ARM.Collect$$libshutdown$$00000004      0x0800023e   Section        0  libshutdown2.o(.ARM.Collect$$libshutdown$$00000004)
    .ARM.Collect$$libshutdown$$00000007      0x0800023e   Section        0  libshutdown2.o(.ARM.Collect$$libshutdown$$00000007)
    .ARM.Collect$$libshutdown$$0000000A      0x0800023e   Section        0  libshutdown2.o(.ARM.Collect$$libshutdown$$0000000A)
    .ARM.Collect$$libshutdown$$0000000C      0x0800023e   Section        0  libshutdown2.o(.ARM.Collect$$libshutdown$$0000000C)
    .ARM.Collect$$libshutdown$$0000000F      0x0800023e   Section        0  libshutdown2.o(.ARM.Collect$$libshutdown$$0000000F)
    .ARM.Collect$$libshutdown$$00000010      0x0800023e   Section        2  libshutdown2.o(.ARM.Collect$$libshutdown$$00000010)
    .ARM.Collect$$rtentry$$00000000          0x08000240   Section        0  __rtentry.o(.ARM.Collect$$rtentry$$00000000)
    .ARM.Collect$$rtentry$$00000002          0x08000240   Section        0  __rtentry2.o(.ARM.Collect$$rtentry$$00000002)
    .ARM.Collect$$rtentry$$00000004          0x08000240   Section        6  __rtentry4.o(.ARM.Collect$$rtentry$$00000004)
    .ARM.Collect$$rtentry$$00000009          0x08000246   Section        0  __rtentry2.o(.ARM.Collect$$rtentry$$00000009)
    .ARM.Collect$$rtentry$$0000000A          0x08000246   Section        4  __rtentry2.o(.ARM.Collect$$rtentry$$0000000A)
    .ARM.Collect$$rtentry$$0000000C          0x0800024a   Section        0  __rtentry2.o(.ARM.Collect$$rtentry$$0000000C)
    .ARM.Collect$$rtentry$$0000000D          0x0800024a   Section        8  __rtentry2.o(.ARM.Collect$$rtentry$$0000000D)
    .ARM.Collect$$rtexit$$00000000           0x08000252   Section        2  rtexit.o(.ARM.Collect$$rtexit$$00000000)
    .ARM.Collect$$rtexit$$00000002           0x08000254   Section        0  rtexit2.o(.ARM.Collect$$rtexit$$00000002)
    .ARM.Collect$$rtexit$$00000003           0x08000254   Section        4  rtexit2.o(.ARM.Collect$$rtexit$$00000003)
    .ARM.Collect$$rtexit$$00000004           0x08000258   Section        6  rtexit2.o(.ARM.Collect$$rtexit$$00000004)
    .text                                    0x08000260   Section        0  main.o(.text)
    .text                                    0x08001674   Section        0  stm32f2xx_it.o(.text)
    .text                                    0x080016e0   Section        0  misc.o(.text)
    .text                                    0x080017c0   Section        0  stm32f2xx_exti.o(.text)
    .text                                    0x080018dc   Section        0  stm32f2xx_fsmc.o(.text)
    .text                                    0x08001ee4   Section        0  stm32f2xx_gpio.o(.text)
    .text                                    0x08002140   Section        0  stm32f2xx_rcc.o(.text)
    .text                                    0x080026c8   Section        0  stm32f2xx_syscfg.o(.text)
    .text                                    0x08002754   Section        0  stm32f2xx_tim.o(.text)
    TI4_Config                               0x08002ef3   Thumb Code    80  stm32f2xx_tim.o(.text)
    TI3_Config                               0x08002f55   Thumb Code    72  stm32f2xx_tim.o(.text)
    TI2_Config                               0x08002fb7   Thumb Code    90  stm32f2xx_tim.o(.text)
    TI1_Config                               0x08003023   Thumb Code    58  stm32f2xx_tim.o(.text)
    .text                                    0x080033f8   Section       56  startup_stm32f2xx.o(.text)
    .text                                    0x08003430   Section        0  heapauxi.o(.text)
    .text                                    0x08003436   Section       74  sys_stackheap_outer.o(.text)
    .text                                    0x08003480   Section        0  exit.o(.text)
    .text                                    0x08003494   Section        8  libspace.o(.text)
    .text                                    0x0800349c   Section        0  sys_exit.o(.text)
    .text                                    0x080034a8   Section        2  use_no_semi.o(.text)
    .text                                    0x080034aa   Section        0  indicate_semi.o(.text)
    .data                                    0x20000000   Section      497  main.o(.data)
    .data                                    0x200001f1   Section       16  stm32f2xx_rcc.o(.data)
    APBAHBPrescTable                         0x200001f1   Data          16  stm32f2xx_rcc.o(.data)
    .bss                                     0x20000204   Section       88  main.o(.bss)
    .bss                                     0x2000025c   Section       96  libspace.o(.bss)
    HEAP                                     0x200002c0   Section      512  startup_stm32f2xx.o(HEAP)
    Heap_Mem                                 0x200002c0   Data         512  startup_stm32f2xx.o(HEAP)
    STACK                                    0x200004c0   Section     1024  startup_stm32f2xx.o(STACK)
    Stack_Mem                                0x200004c0   Data        1024  startup_stm32f2xx.o(STACK)
    __initial_sp                             0x200008c0   Data           0  startup_stm32f2xx.o(STACK)

    Global Symbols

    Symbol Name                              Value     Ov Type        Size  Object(Section)

    BuildAttributes$$THM_ISAv4$P$D$K$B$S$PE$A:L22UL41UL21$X:L11$S22US41US21$IEEE1$IW$USESV6$~STKCKD$USESV7$~SHL$OSPACE$ROPI$EBA8$UX$STANDARDLIB$REQ8$PRES8$EABIv2 0x00000000   Number         0  anon$$obj.o ABSOLUTE
    __ARM_use_no_argv                        0x00000000   Number         0  main.o ABSOLUTE
    __ARM_exceptions_init                     - Undefined Weak Reference
    __alloca_initialize                       - Undefined Weak Reference
    __arm_preinit_                            - Undefined Weak Reference
    __cpp_initialize__aeabi_                  - Undefined Weak Reference
    __cxa_finalize                            - Undefined Weak Reference
    __rt_locale                               - Undefined Weak Reference
    __sigvec_lookup                           - Undefined Weak Reference
    _atexit_init                              - Undefined Weak Reference
    _call_atexit_fns                          - Undefined Weak Reference
    _clock_init                               - Undefined Weak Reference
    _fp_trap_init                             - Undefined Weak Reference
    _fp_trap_shutdown                         - Undefined Weak Reference
    _get_lc_collate                           - Undefined Weak Reference
    _get_lc_ctype                             - Undefined Weak Reference
    _get_lc_monetary                          - Undefined Weak Reference
    _get_lc_numeric                           - Undefined Weak Reference
    _get_lc_time                              - Undefined Weak Reference
    _getenv_init                              - Undefined Weak Reference
    _handle_redirection                       - Undefined Weak Reference
    _init_alloc                               - Undefined Weak Reference
    _init_user_alloc                          - Undefined Weak Reference
    _initio                                   - Undefined Weak Reference
    _rand_init                                - Undefined Weak Reference
    _signal_finish                            - Undefined Weak Reference
    _signal_init                              - Undefined Weak Reference
    _terminate_alloc                          - Undefined Weak Reference
    _terminate_user_alloc                     - Undefined Weak Reference
    _terminateio                              - Undefined Weak Reference
    __Vectors_Size                           0x00000184   Number         0  startup_stm32f2xx.o ABSOLUTE
    __Vectors                                0x08000000   Data           4  startup_stm32f2xx.o(RESET)
    __Vectors_End                            0x08000184   Data           0  startup_stm32f2xx.o(RESET)
    __main                                   0x08000185   Thumb Code     8  __main.o(!!!main)
    __scatterload                            0x0800018d   Thumb Code     0  __scatter.o(!!!scatter)
    __scatterload_rt2                        0x0800018d   Thumb Code    44  __scatter.o(!!!scatter)
    __scatterload_rt2_thumb_only             0x0800018d   Thumb Code     0  __scatter.o(!!!scatter)
    __scatterload_null                       0x0800019b   Thumb Code     0  __scatter.o(!!!scatter)
    __decompress                             0x080001c1   Thumb Code    90  __dczerorl2.o(!!dczerorl2)
    __decompress1                            0x080001c1   Thumb Code     0  __dczerorl2.o(!!dczerorl2)
    __scatterload_zeroinit                   0x0800021d   Thumb Code    28  __scatter_zi.o(!!handler_zi)
    __rt_lib_init                            0x08000239   Thumb Code     0  libinit.o(.ARM.Collect$$libinit$$00000000)
    __rt_lib_init_alloca_1                   0x0800023b   Thumb Code     0  libinit2.o(.ARM.Collect$$libinit$$0000002E)
    __rt_lib_init_argv_1                     0x0800023b   Thumb Code     0  libinit2.o(.ARM.Collect$$libinit$$0000002C)
    __rt_lib_init_atexit_1                   0x0800023b   Thumb Code     0  libinit2.o(.ARM.Collect$$libinit$$0000001B)
    __rt_lib_init_clock_1                    0x0800023b   Thumb Code     0  libinit2.o(.ARM.Collect$$libinit$$00000021)
    __rt_lib_init_cpp_1                      0x0800023b   Thumb Code     0  libinit2.o(.ARM.Collect$$libinit$$00000032)
    __rt_lib_init_exceptions_1               0x0800023b   Thumb Code     0  libinit2.o(.ARM.Collect$$libinit$$00000030)
    __rt_lib_init_fp_1                       0x0800023b   Thumb Code     0  libinit2.o(.ARM.Collect$$libinit$$00000002)
    __rt_lib_init_fp_trap_1                  0x0800023b   Thumb Code     0  libinit2.o(.ARM.Collect$$libinit$$0000001F)
    __rt_lib_init_getenv_1                   0x0800023b   Thumb Code     0  libinit2.o(.ARM.Collect$$libinit$$00000023)
    __rt_lib_init_heap_1                     0x0800023b   Thumb Code     0  libinit2.o(.ARM.Collect$$libinit$$0000000A)
    __rt_lib_init_lc_collate_1               0x0800023b   Thumb Code     0  libinit2.o(.ARM.Collect$$libinit$$00000011)
    __rt_lib_init_lc_ctype_1                 0x0800023b   Thumb Code     0  libinit2.o(.ARM.Collect$$libinit$$00000013)
    __rt_lib_init_lc_monetary_1              0x0800023b   Thumb Code     0  libinit2.o(.ARM.Collect$$libinit$$00000015)
    __rt_lib_init_lc_numeric_1               0x0800023b   Thumb Code     0  libinit2.o(.ARM.Collect$$libinit$$00000017)
    __rt_lib_init_lc_time_1                  0x0800023b   Thumb Code     0  libinit2.o(.ARM.Collect$$libinit$$00000019)
    __rt_lib_init_preinit_1                  0x0800023b   Thumb Code     0  libinit2.o(.ARM.Collect$$libinit$$00000004)
    __rt_lib_init_rand_1                     0x0800023b   Thumb Code     0  libinit2.o(.ARM.Collect$$libinit$$0000000E)
    __rt_lib_init_return                     0x0800023b   Thumb Code     0  libinit2.o(.ARM.Collect$$libinit$$00000033)
    __rt_lib_init_signal_1                   0x0800023b   Thumb Code     0  libinit2.o(.ARM.Collect$$libinit$$0000001D)
    __rt_lib_init_stdio_1                    0x0800023b   Thumb Code     0  libinit2.o(.ARM.Collect$$libinit$$00000025)
    __rt_lib_init_user_alloc_1               0x0800023b   Thumb Code     0  libinit2.o(.ARM.Collect$$libinit$$0000000C)
    __rt_lib_shutdown                        0x0800023d   Thumb Code     0  libshutdown.o(.ARM.Collect$$libshutdown$$00000000)
    __rt_lib_shutdown_cpp_1                  0x0800023f   Thumb Code     0  libshutdown2.o(.ARM.Collect$$libshutdown$$00000002)
    __rt_lib_shutdown_fp_trap_1              0x0800023f   Thumb Code     0  libshutdown2.o(.ARM.Collect$$libshutdown$$00000007)
    __rt_lib_shutdown_heap_1                 0x0800023f   Thumb Code     0  libshutdown2.o(.ARM.Collect$$libshutdown$$0000000F)
    __rt_lib_shutdown_return                 0x0800023f   Thumb Code     0  libshutdown2.o(.ARM.Collect$$libshutdown$$00000010)
    __rt_lib_shutdown_signal_1               0x0800023f   Thumb Code     0  libshutdown2.o(.ARM.Collect$$libshutdown$$0000000A)
    __rt_lib_shutdown_stdio_1                0x0800023f   Thumb Code     0  libshutdown2.o(.ARM.Collect$$libshutdown$$00000004)
    __rt_lib_shutdown_user_alloc_1           0x0800023f   Thumb Code     0  libshutdown2.o(.ARM.Collect$$libshutdown$$0000000C)
    __rt_entry                               0x08000241   Thumb Code     0  __rtentry.o(.ARM.Collect$$rtentry$$00000000)
    __rt_entry_presh_1                       0x08000241   Thumb Code     0  __rtentry2.o(.ARM.Collect$$rtentry$$00000002)
    __rt_entry_sh                            0x08000241   Thumb Code     0  __rtentry4.o(.ARM.Collect$$rtentry$$00000004)
    __rt_entry_li                            0x08000247   Thumb Code     0  __rtentry2.o(.ARM.Collect$$rtentry$$0000000A)
    __rt_entry_postsh_1                      0x08000247   Thumb Code     0  __rtentry2.o(.ARM.Collect$$rtentry$$00000009)
    __rt_entry_main                          0x0800024b   Thumb Code     0  __rtentry2.o(.ARM.Collect$$rtentry$$0000000D)
    __rt_entry_postli_1                      0x0800024b   Thumb Code     0  __rtentry2.o(.ARM.Collect$$rtentry$$0000000C)
    __rt_exit                                0x08000253   Thumb Code     0  rtexit.o(.ARM.Collect$$rtexit$$00000000)
    __rt_exit_ls                             0x08000255   Thumb Code     0  rtexit2.o(.ARM.Collect$$rtexit$$00000003)
    __rt_exit_prels_1                        0x08000255   Thumb Code     0  rtexit2.o(.ARM.Collect$$rtexit$$00000002)
    __rt_exit_exit                           0x08000259   Thumb Code     0  rtexit2.o(.ARM.Collect$$rtexit$$00000004)
    LCD_IO_WriteData                         0x08000261   Thumb Code     6  main.o(.text)
    LCD_IO_WriteReg                          0x08000267   Thumb Code     8  main.o(.text)
    LCD_SetCursor                            0x0800026f   Thumb Code    44  main.o(.text)
    LCD_DrawPoint                            0x0800029b   Thumb Code    30  main.o(.text)
    LCD_DrawRect                             0x080002b9   Thumb Code    54  main.o(.text)
    LCD_DrawAChess                           0x080002ef   Thumb Code   762  main.o(.text)
    DrawCBGrid                               0x080005e9   Thumb Code   212  main.o(.text)
    clearAll                                 0x080006bd   Thumb Code    24  main.o(.text)
    DrawCB                                   0x080006d5   Thumb Code   152  main.o(.text)
    Delay_ms                                 0x0800076d   Thumb Code    40  main.o(.text)
    main                                     0x08000795   Thumb Code  2048  main.o(.text)
    choosechess                              0x08000f95   Thumb Code   172  main.o(.text)
    choosedir                                0x08001041   Thumb Code   314  main.o(.text)
    acknowledge                              0x0800117b   Thumb Code   328  main.o(.text)
    EXTI3_IRQHandler                         0x080012c3   Thumb Code   278  main.o(.text)
    EXTI9_5_IRQHandler                       0x080013d9   Thumb Code   222  main.o(.text)
    EXTI0_IRQHandler                         0x080014b7   Thumb Code   112  main.o(.text)
    EXTI1_IRQHandler                         0x08001527   Thumb Code   228  main.o(.text)
    LCD_Color_Fill                           0x0800160b   Thumb Code    86  main.o(.text)
    NMI_Handler                              0x08001675   Thumb Code     2  stm32f2xx_it.o(.text)
    HardFault_Handler                        0x08001677   Thumb Code     4  stm32f2xx_it.o(.text)
    MemManage_Handler                        0x0800167b   Thumb Code     4  stm32f2xx_it.o(.text)
    BusFault_Handler                         0x0800167f   Thumb Code     4  stm32f2xx_it.o(.text)
    UsageFault_Handler                       0x08001683   Thumb Code     4  stm32f2xx_it.o(.text)
    SVC_Handler                              0x08001687   Thumb Code     2  stm32f2xx_it.o(.text)
    DebugMon_Handler                         0x08001689   Thumb Code     2  stm32f2xx_it.o(.text)
    PendSV_Handler                           0x0800168b   Thumb Code     2  stm32f2xx_it.o(.text)
    SysTick_Handler                          0x0800168d   Thumb Code     2  stm32f2xx_it.o(.text)
    TIM2_IRQHandler                          0x0800168f   Thumb Code    62  stm32f2xx_it.o(.text)
    ETH_IRQHandler                           0x080016cd   Thumb Code     2  stm32f2xx_it.o(.text)
    USART1_IRQHandler                        0x080016cf   Thumb Code     2  stm32f2xx_it.o(.text)
    USART2_IRQHandler                        0x080016d1   Thumb Code     2  stm32f2xx_it.o(.text)
    USART3_IRQHandler                        0x080016d3   Thumb Code     2  stm32f2xx_it.o(.text)
    UART4_IRQHandler                         0x080016d5   Thumb Code     2  stm32f2xx_it.o(.text)
    UART5_IRQHandler                         0x080016d7   Thumb Code     2  stm32f2xx_it.o(.text)
    USART6_IRQHandler                        0x080016d9   Thumb Code     2  stm32f2xx_it.o(.text)
    NVIC_PriorityGroupConfig                 0x080016e1   Thumb Code    10  misc.o(.text)
    NVIC_Init                                0x080016eb   Thumb Code   106  misc.o(.text)
    NVIC_SetVectorTable                      0x08001755   Thumb Code    14  misc.o(.text)
    NVIC_SystemLPConfig                      0x08001763   Thumb Code    34  misc.o(.text)
    SysTick_CLKSourceConfig                  0x08001785   Thumb Code    40  misc.o(.text)
    EXTI_DeInit                              0x080017c1   Thumb Code    28  stm32f2xx_exti.o(.text)
    EXTI_Init                                0x080017dd   Thumb Code   142  stm32f2xx_exti.o(.text)
    EXTI_StructInit                          0x0800186b   Thumb Code    16  stm32f2xx_exti.o(.text)
    EXTI_GenerateSWInterrupt                 0x0800187b   Thumb Code    16  stm32f2xx_exti.o(.text)
    EXTI_GetFlagStatus                       0x0800188b   Thumb Code    22  stm32f2xx_exti.o(.text)
    EXTI_ClearFlag                           0x080018a1   Thumb Code     8  stm32f2xx_exti.o(.text)
    EXTI_GetITStatus                         0x080018a9   Thumb Code    34  stm32f2xx_exti.o(.text)
    EXTI_ClearITPendingBit                   0x080018cb   Thumb Code     8  stm32f2xx_exti.o(.text)
    FSMC_NORSRAMDeInit                       0x080018dd   Thumb Code    54  stm32f2xx_fsmc.o(.text)
    FSMC_NORSRAMInit                         0x08001913   Thumb Code   230  stm32f2xx_fsmc.o(.text)
    FSMC_NORSRAMStructInit                   0x080019f9   Thumb Code   114  stm32f2xx_fsmc.o(.text)
    FSMC_NORSRAMCmd                          0x08001a6b   Thumb Code    46  stm32f2xx_fsmc.o(.text)
    FSMC_NANDDeInit                          0x08001a99   Thumb Code    62  stm32f2xx_fsmc.o(.text)
    FSMC_NANDInit                            0x08001ad7   Thumb Code   132  stm32f2xx_fsmc.o(.text)
    FSMC_NANDStructInit                      0x08001b5b   Thumb Code    54  stm32f2xx_fsmc.o(.text)
    FSMC_NANDCmd                             0x08001b91   Thumb Code    86  stm32f2xx_fsmc.o(.text)
    FSMC_NANDECCCmd                          0x08001be7   Thumb Code    86  stm32f2xx_fsmc.o(.text)
    FSMC_GetECC                              0x08001c3d   Thumb Code    24  stm32f2xx_fsmc.o(.text)
    FSMC_PCCARDDeInit                        0x08001c55   Thumb Code    36  stm32f2xx_fsmc.o(.text)
    FSMC_PCCARDInit                          0x08001c79   Thumb Code   130  stm32f2xx_fsmc.o(.text)
    FSMC_PCCARDStructInit                    0x08001cfb   Thumb Code    60  stm32f2xx_fsmc.o(.text)
    FSMC_PCCARDCmd                           0x08001d37   Thumb Code    44  stm32f2xx_fsmc.o(.text)
    FSMC_ITConfig                            0x08001d63   Thumb Code   128  stm32f2xx_fsmc.o(.text)
    FSMC_GetFlagStatus                       0x08001de3   Thumb Code    54  stm32f2xx_fsmc.o(.text)
    FSMC_ClearFlag                           0x08001e19   Thumb Code    62  stm32f2xx_fsmc.o(.text)
    FSMC_GetITStatus                         0x08001e57   Thumb Code    72  stm32f2xx_fsmc.o(.text)
    FSMC_ClearITPendingBit                   0x08001e9f   Thumb Code    66  stm32f2xx_fsmc.o(.text)
    GPIO_DeInit                              0x08001ee5   Thumb Code   220  stm32f2xx_gpio.o(.text)
    GPIO_Init                                0x08001fc1   Thumb Code   144  stm32f2xx_gpio.o(.text)
    GPIO_StructInit                          0x08002051   Thumb Code    18  stm32f2xx_gpio.o(.text)
    GPIO_PinLockConfig                       0x08002063   Thumb Code    34  stm32f2xx_gpio.o(.text)
    GPIO_ReadInputDataBit                    0x08002085   Thumb Code    18  stm32f2xx_gpio.o(.text)
    GPIO_ReadInputData                       0x08002097   Thumb Code     8  stm32f2xx_gpio.o(.text)
    GPIO_ReadOutputDataBit                   0x0800209f   Thumb Code    18  stm32f2xx_gpio.o(.text)
    GPIO_ReadOutputData                      0x080020b1   Thumb Code     8  stm32f2xx_gpio.o(.text)
    GPIO_SetBits                             0x080020b9   Thumb Code     4  stm32f2xx_gpio.o(.text)
    GPIO_ResetBits                           0x080020bd   Thumb Code     4  stm32f2xx_gpio.o(.text)
    GPIO_WriteBit                            0x080020c1   Thumb Code    10  stm32f2xx_gpio.o(.text)
    GPIO_Write                               0x080020cb   Thumb Code     4  stm32f2xx_gpio.o(.text)
    GPIO_ToggleBits                          0x080020cf   Thumb Code     8  stm32f2xx_gpio.o(.text)
    GPIO_PinAFConfig                         0x080020d7   Thumb Code    70  stm32f2xx_gpio.o(.text)
    RCC_DeInit                               0x08002141   Thumb Code    60  stm32f2xx_rcc.o(.text)
    RCC_HSEConfig                            0x0800217d   Thumb Code    14  stm32f2xx_rcc.o(.text)
    RCC_GetFlagStatus                        0x0800218b   Thumb Code    60  stm32f2xx_rcc.o(.text)
    RCC_WaitForHSEStartUp                    0x080021c7   Thumb Code    56  stm32f2xx_rcc.o(.text)
    RCC_AdjustHSICalibrationValue            0x080021ff   Thumb Code    20  stm32f2xx_rcc.o(.text)
    RCC_HSICmd                               0x08002213   Thumb Code     6  stm32f2xx_rcc.o(.text)
    RCC_LSEConfig                            0x08002219   Thumb Code    46  stm32f2xx_rcc.o(.text)
    RCC_LSICmd                               0x08002247   Thumb Code     6  stm32f2xx_rcc.o(.text)
    RCC_PLLConfig                            0x0800224d   Thumb Code    32  stm32f2xx_rcc.o(.text)
    RCC_PLLCmd                               0x0800226d   Thumb Code     6  stm32f2xx_rcc.o(.text)
    RCC_PLLI2SConfig                         0x08002273   Thumb Code    14  stm32f2xx_rcc.o(.text)
    RCC_PLLI2SCmd                            0x08002281   Thumb Code     6  stm32f2xx_rcc.o(.text)
    RCC_ClockSecuritySystemCmd               0x08002287   Thumb Code     6  stm32f2xx_rcc.o(.text)
    RCC_MCO1Config                           0x0800228d   Thumb Code    28  stm32f2xx_rcc.o(.text)
    RCC_MCO2Config                           0x080022a9   Thumb Code    28  stm32f2xx_rcc.o(.text)
    RCC_SYSCLKConfig                         0x080022c5   Thumb Code    20  stm32f2xx_rcc.o(.text)
    RCC_GetSYSCLKSource                      0x080022d9   Thumb Code    12  stm32f2xx_rcc.o(.text)
    RCC_HCLKConfig                           0x080022e5   Thumb Code    20  stm32f2xx_rcc.o(.text)
    RCC_PCLK1Config                          0x080022f9   Thumb Code    20  stm32f2xx_rcc.o(.text)
    RCC_PCLK2Config                          0x0800230d   Thumb Code    22  stm32f2xx_rcc.o(.text)
    RCC_GetClocksFreq                        0x08002323   Thumb Code   222  stm32f2xx_rcc.o(.text)
    RCC_RTCCLKConfig                         0x08002401   Thumb Code    54  stm32f2xx_rcc.o(.text)
    RCC_RTCCLKCmd                            0x08002437   Thumb Code     8  stm32f2xx_rcc.o(.text)
    RCC_BackupResetCmd                       0x0800243f   Thumb Code     8  stm32f2xx_rcc.o(.text)
    RCC_I2SCLKConfig                         0x08002447   Thumb Code     6  stm32f2xx_rcc.o(.text)
    RCC_AHB1PeriphClockCmd                   0x0800244d   Thumb Code    34  stm32f2xx_rcc.o(.text)
    RCC_AHB2PeriphClockCmd                   0x0800246f   Thumb Code    34  stm32f2xx_rcc.o(.text)
    RCC_AHB3PeriphClockCmd                   0x08002491   Thumb Code    34  stm32f2xx_rcc.o(.text)
    RCC_APB1PeriphClockCmd                   0x080024b3   Thumb Code    34  stm32f2xx_rcc.o(.text)
    RCC_APB2PeriphClockCmd                   0x080024d5   Thumb Code    34  stm32f2xx_rcc.o(.text)
    RCC_AHB1PeriphResetCmd                   0x080024f7   Thumb Code    34  stm32f2xx_rcc.o(.text)
    RCC_AHB2PeriphResetCmd                   0x08002519   Thumb Code    72  stm32f2xx_rcc.o(.text)
    RCC_AHB3PeriphResetCmd                   0x08002561   Thumb Code    34  stm32f2xx_rcc.o(.text)
    RCC_APB1PeriphResetCmd                   0x08002583   Thumb Code    34  stm32f2xx_rcc.o(.text)
    RCC_APB2PeriphResetCmd                   0x080025a5   Thumb Code    34  stm32f2xx_rcc.o(.text)
    RCC_AHB1PeriphClockLPModeCmd             0x080025c7   Thumb Code    34  stm32f2xx_rcc.o(.text)
    RCC_AHB2PeriphClockLPModeCmd             0x080025e9   Thumb Code    34  stm32f2xx_rcc.o(.text)
    RCC_AHB3PeriphClockLPModeCmd             0x0800260b   Thumb Code    34  stm32f2xx_rcc.o(.text)
    RCC_APB1PeriphClockLPModeCmd             0x0800262d   Thumb Code    34  stm32f2xx_rcc.o(.text)
    RCC_APB2PeriphClockLPModeCmd             0x0800264f   Thumb Code    34  stm32f2xx_rcc.o(.text)
    RCC_ITConfig                             0x08002671   Thumb Code    34  stm32f2xx_rcc.o(.text)
    RCC_ClearFlag                            0x08002693   Thumb Code    18  stm32f2xx_rcc.o(.text)
    RCC_GetITStatus                          0x080026a5   Thumb Code    22  stm32f2xx_rcc.o(.text)
    RCC_ClearITPendingBit                    0x080026bb   Thumb Code     8  stm32f2xx_rcc.o(.text)
    SYSCFG_DeInit                            0x080026c9   Thumb Code    22  stm32f2xx_syscfg.o(.text)
    SYSCFG_MemoryRemapConfig                 0x080026df   Thumb Code     6  stm32f2xx_syscfg.o(.text)
    SYSCFG_EXTILineConfig                    0x080026e5   Thumb Code    66  stm32f2xx_syscfg.o(.text)
    SYSCFG_ETH_MediaInterfaceConfig          0x08002727   Thumb Code     6  stm32f2xx_syscfg.o(.text)
    SYSCFG_CompensationCellCmd               0x0800272d   Thumb Code     6  stm32f2xx_syscfg.o(.text)
    SYSCFG_GetCompensationCellStatus         0x08002733   Thumb Code    22  stm32f2xx_syscfg.o(.text)
    TIM_DeInit                               0x08002755   Thumb Code   346  stm32f2xx_tim.o(.text)
    TIM_TimeBaseInit                         0x080028af   Thumb Code   104  stm32f2xx_tim.o(.text)
    TIM_TimeBaseStructInit                   0x08002917   Thumb Code    18  stm32f2xx_tim.o(.text)
    TIM_PrescalerConfig                      0x08002929   Thumb Code     6  stm32f2xx_tim.o(.text)
    TIM_CounterModeConfig                    0x0800292f   Thumb Code    18  stm32f2xx_tim.o(.text)
    TIM_SetCounter                           0x08002941   Thumb Code     4  stm32f2xx_tim.o(.text)
    TIM_SetAutoreload                        0x08002945   Thumb Code     4  stm32f2xx_tim.o(.text)
    TIM_GetCounter                           0x08002949   Thumb Code     6  stm32f2xx_tim.o(.text)
    TIM_GetPrescaler                         0x0800294f   Thumb Code     6  stm32f2xx_tim.o(.text)
    TIM_UpdateDisableConfig                  0x08002955   Thumb Code    24  stm32f2xx_tim.o(.text)
    TIM_UpdateRequestConfig                  0x0800296d   Thumb Code    24  stm32f2xx_tim.o(.text)
    TIM_ARRPreloadConfig                     0x08002985   Thumb Code    24  stm32f2xx_tim.o(.text)
    TIM_SelectOnePulseMode                   0x0800299d   Thumb Code    18  stm32f2xx_tim.o(.text)
    TIM_SetClockDivision                     0x080029af   Thumb Code    18  stm32f2xx_tim.o(.text)
    TIM_Cmd                                  0x080029c1   Thumb Code    24  stm32f2xx_tim.o(.text)
    TIM_OC1Init                              0x080029d9   Thumb Code   114  stm32f2xx_tim.o(.text)
    TIM_OC2Init                              0x08002a4b   Thumb Code   154  stm32f2xx_tim.o(.text)
    TIM_OC3Init                              0x08002ae5   Thumb Code   204  stm32f2xx_tim.o(.text)
    TIM_OC4Init                              0x08002bb1   Thumb Code   112  stm32f2xx_tim.o(.text)
    TIM_OCStructInit                         0x08002c21   Thumb Code    20  stm32f2xx_tim.o(.text)
    TIM_SelectOCxM                           0x08002c35   Thumb Code    86  stm32f2xx_tim.o(.text)
    TIM_SetCompare1                          0x08002c8b   Thumb Code     4  stm32f2xx_tim.o(.text)
    TIM_SetCompare2                          0x08002c8f   Thumb Code     4  stm32f2xx_tim.o(.text)
    TIM_SetCompare3                          0x08002c93   Thumb Code     4  stm32f2xx_tim.o(.text)
    TIM_SetCompare4                          0x08002c97   Thumb Code     4  stm32f2xx_tim.o(.text)
    TIM_ForcedOC1Config                      0x08002c9b   Thumb Code    18  stm32f2xx_tim.o(.text)
    TIM_ForcedOC2Config                      0x08002cad   Thumb Code    26  stm32f2xx_tim.o(.text)
    TIM_ForcedOC3Config                      0x08002cc7   Thumb Code    18  stm32f2xx_tim.o(.text)
    TIM_ForcedOC4Config                      0x08002cd9   Thumb Code    26  stm32f2xx_tim.o(.text)
    TIM_OC1PreloadConfig                     0x08002cf3   Thumb Code    18  stm32f2xx_tim.o(.text)
    TIM_OC2PreloadConfig                     0x08002d05   Thumb Code    26  stm32f2xx_tim.o(.text)
    TIM_OC3PreloadConfig                     0x08002d1f   Thumb Code    18  stm32f2xx_tim.o(.text)
    TIM_OC4PreloadConfig                     0x08002d31   Thumb Code    26  stm32f2xx_tim.o(.text)
    TIM_OC1FastConfig                        0x08002d4b   Thumb Code    18  stm32f2xx_tim.o(.text)
    TIM_OC2FastConfig                        0x08002d5d   Thumb Code    26  stm32f2xx_tim.o(.text)
    TIM_OC3FastConfig                        0x08002d77   Thumb Code    18  stm32f2xx_tim.o(.text)
    TIM_OC4FastConfig                        0x08002d89   Thumb Code    26  stm32f2xx_tim.o(.text)
    TIM_ClearOC1Ref                          0x08002da3   Thumb Code    18  stm32f2xx_tim.o(.text)
    TIM_ClearOC2Ref                          0x08002db5   Thumb Code    24  stm32f2xx_tim.o(.text)
    TIM_ClearOC3Ref                          0x08002dcd   Thumb Code    18  stm32f2xx_tim.o(.text)
    TIM_ClearOC4Ref                          0x08002ddf   Thumb Code    24  stm32f2xx_tim.o(.text)
    TIM_OC1PolarityConfig                    0x08002df7   Thumb Code    18  stm32f2xx_tim.o(.text)
    TIM_OC1NPolarityConfig                   0x08002e09   Thumb Code    18  stm32f2xx_tim.o(.text)
    TIM_OC2PolarityConfig                    0x08002e1b   Thumb Code    26  stm32f2xx_tim.o(.text)
    TIM_OC2NPolarityConfig                   0x08002e35   Thumb Code    26  stm32f2xx_tim.o(.text)
    TIM_OC3PolarityConfig                    0x08002e4f   Thumb Code    26  stm32f2xx_tim.o(.text)
    TIM_OC3NPolarityConfig                   0x08002e69   Thumb Code    26  stm32f2xx_tim.o(.text)
    TIM_OC4PolarityConfig                    0x08002e83   Thumb Code    26  stm32f2xx_tim.o(.text)
    TIM_CCxCmd                               0x08002e9d   Thumb Code    30  stm32f2xx_tim.o(.text)
    TIM_CCxNCmd                              0x08002ebb   Thumb Code    30  stm32f2xx_tim.o(.text)
    TIM_SetIC4Prescaler                      0x08002ed9   Thumb Code    26  stm32f2xx_tim.o(.text)
    TIM_SetIC3Prescaler                      0x08002f43   Thumb Code    18  stm32f2xx_tim.o(.text)
    TIM_SetIC2Prescaler                      0x08002f9d   Thumb Code    26  stm32f2xx_tim.o(.text)
    TIM_SetIC1Prescaler                      0x08003011   Thumb Code    18  stm32f2xx_tim.o(.text)
    TIM_ICInit                               0x0800305d   Thumb Code   110  stm32f2xx_tim.o(.text)
    TIM_ICStructInit                         0x080030cb   Thumb Code    18  stm32f2xx_tim.o(.text)
    TIM_PWMIConfig                           0x080030dd   Thumb Code   124  stm32f2xx_tim.o(.text)
    TIM_GetCapture1                          0x08003159   Thumb Code     6  stm32f2xx_tim.o(.text)
    TIM_GetCapture2                          0x0800315f   Thumb Code     6  stm32f2xx_tim.o(.text)
    TIM_GetCapture3                          0x08003165   Thumb Code     6  stm32f2xx_tim.o(.text)
    TIM_GetCapture4                          0x0800316b   Thumb Code     6  stm32f2xx_tim.o(.text)
    TIM_BDTRConfig                           0x08003171   Thumb Code    32  stm32f2xx_tim.o(.text)
    TIM_BDTRStructInit                       0x08003191   Thumb Code    18  stm32f2xx_tim.o(.text)
    TIM_CtrlPWMOutputs                       0x080031a3   Thumb Code    30  stm32f2xx_tim.o(.text)
    TIM_SelectCOM                            0x080031c1   Thumb Code    24  stm32f2xx_tim.o(.text)
    TIM_CCPreloadControl                     0x080031d9   Thumb Code    24  stm32f2xx_tim.o(.text)
    TIM_ITConfig                             0x080031f1   Thumb Code    18  stm32f2xx_tim.o(.text)
    TIM_GenerateEvent                        0x08003203   Thumb Code     4  stm32f2xx_tim.o(.text)
    TIM_GetFlagStatus                        0x08003207   Thumb Code    18  stm32f2xx_tim.o(.text)
    TIM_ClearFlag                            0x08003219   Thumb Code     6  stm32f2xx_tim.o(.text)
    TIM_GetITStatus                          0x0800321f   Thumb Code    34  stm32f2xx_tim.o(.text)
    TIM_ClearITPendingBit                    0x08003241   Thumb Code     6  stm32f2xx_tim.o(.text)
    TIM_DMAConfig                            0x08003247   Thumb Code    10  stm32f2xx_tim.o(.text)
    TIM_DMACmd                               0x08003251   Thumb Code    18  stm32f2xx_tim.o(.text)
    TIM_SelectCCDMA                          0x08003263   Thumb Code    24  stm32f2xx_tim.o(.text)
    TIM_InternalClockConfig                  0x0800327b   Thumb Code    12  stm32f2xx_tim.o(.text)
    TIM_SelectInputTrigger                   0x08003287   Thumb Code    18  stm32f2xx_tim.o(.text)
    TIM_ITRxExternalClockConfig              0x08003299   Thumb Code    24  stm32f2xx_tim.o(.text)
    TIM_TIxExternalClockConfig               0x080032b1   Thumb Code    62  stm32f2xx_tim.o(.text)
    TIM_ETRConfig                            0x080032ef   Thumb Code    28  stm32f2xx_tim.o(.text)
    TIM_ETRClockMode1Config                  0x0800330b   Thumb Code    54  stm32f2xx_tim.o(.text)
    TIM_ETRClockMode2Config                  0x08003341   Thumb Code    32  stm32f2xx_tim.o(.text)
    TIM_SelectOutputTrigger                  0x08003361   Thumb Code    18  stm32f2xx_tim.o(.text)
    TIM_SelectSlaveMode                      0x08003373   Thumb Code    18  stm32f2xx_tim.o(.text)
    TIM_SelectMasterSlaveMode                0x08003385   Thumb Code    18  stm32f2xx_tim.o(.text)
    TIM_EncoderInterfaceConfig               0x08003397   Thumb Code    66  stm32f2xx_tim.o(.text)
    TIM_SelectHallSensor                     0x080033d9   Thumb Code    24  stm32f2xx_tim.o(.text)
    TIM_RemapConfig                          0x080033f1   Thumb Code     6  stm32f2xx_tim.o(.text)
    Reset_Handler                            0x080033f9   Thumb Code     4  startup_stm32f2xx.o(.text)
    ADC_IRQHandler                           0x0800340f   Thumb Code     0  startup_stm32f2xx.o(.text)
    CAN1_RX0_IRQHandler                      0x0800340f   Thumb Code     0  startup_stm32f2xx.o(.text)
    CAN1_RX1_IRQHandler                      0x0800340f   Thumb Code     0  startup_stm32f2xx.o(.text)
    CAN1_SCE_IRQHandler                      0x0800340f   Thumb Code     0  startup_stm32f2xx.o(.text)
    CAN1_TX_IRQHandler                       0x0800340f   Thumb Code     0  startup_stm32f2xx.o(.text)
    CAN2_RX0_IRQHandler                      0x0800340f   Thumb Code     0  startup_stm32f2xx.o(.text)
    CAN2_RX1_IRQHandler                      0x0800340f   Thumb Code     0  startup_stm32f2xx.o(.text)
    CAN2_SCE_IRQHandler                      0x0800340f   Thumb Code     0  startup_stm32f2xx.o(.text)
    CAN2_TX_IRQHandler                       0x0800340f   Thumb Code     0  startup_stm32f2xx.o(.text)
    CRYP_IRQHandler                          0x0800340f   Thumb Code     0  startup_stm32f2xx.o(.text)
    DCMI_IRQHandler                          0x0800340f   Thumb Code     0  startup_stm32f2xx.o(.text)
    DMA1_Stream0_IRQHandler                  0x0800340f   Thumb Code     0  startup_stm32f2xx.o(.text)
    DMA1_Stream1_IRQHandler                  0x0800340f   Thumb Code     0  startup_stm32f2xx.o(.text)
    DMA1_Stream2_IRQHandler                  0x0800340f   Thumb Code     0  startup_stm32f2xx.o(.text)
    DMA1_Stream3_IRQHandler                  0x0800340f   Thumb Code     0  startup_stm32f2xx.o(.text)
    DMA1_Stream4_IRQHandler                  0x0800340f   Thumb Code     0  startup_stm32f2xx.o(.text)
    DMA1_Stream5_IRQHandler                  0x0800340f   Thumb Code     0  startup_stm32f2xx.o(.text)
    DMA1_Stream6_IRQHandler                  0x0800340f   Thumb Code     0  startup_stm32f2xx.o(.text)
    DMA1_Stream7_IRQHandler                  0x0800340f   Thumb Code     0  startup_stm32f2xx.o(.text)
    DMA2_Stream0_IRQHandler                  0x0800340f   Thumb Code     0  startup_stm32f2xx.o(.text)
    DMA2_Stream1_IRQHandler                  0x0800340f   Thumb Code     0  startup_stm32f2xx.o(.text)
    DMA2_Stream2_IRQHandler                  0x0800340f   Thumb Code     0  startup_stm32f2xx.o(.text)
    DMA2_Stream3_IRQHandler                  0x0800340f   Thumb Code     0  startup_stm32f2xx.o(.text)
    DMA2_Stream4_IRQHandler                  0x0800340f   Thumb Code     0  startup_stm32f2xx.o(.text)
    DMA2_Stream5_IRQHandler                  0x0800340f   Thumb Code     0  startup_stm32f2xx.o(.text)
    DMA2_Stream6_IRQHandler                  0x0800340f   Thumb Code     0  startup_stm32f2xx.o(.text)
    DMA2_Stream7_IRQHandler                  0x0800340f   Thumb Code     0  startup_stm32f2xx.o(.text)
    ETH_WKUP_IRQHandler                      0x0800340f   Thumb Code     0  startup_stm32f2xx.o(.text)
    EXTI15_10_IRQHandler                     0x0800340f   Thumb Code     0  startup_stm32f2xx.o(.text)
    EXTI2_IRQHandler                         0x0800340f   Thumb Code     0  startup_stm32f2xx.o(.text)
    EXTI4_IRQHandler                         0x0800340f   Thumb Code     0  startup_stm32f2xx.o(.text)
    FLASH_IRQHandler                         0x0800340f   Thumb Code     0  startup_stm32f2xx.o(.text)
    FSMC_IRQHandler                          0x0800340f   Thumb Code     0  startup_stm32f2xx.o(.text)
    HASH_RNG_IRQHandler                      0x0800340f   Thumb Code     0  startup_stm32f2xx.o(.text)
    I2C1_ER_IRQHandler                       0x0800340f   Thumb Code     0  startup_stm32f2xx.o(.text)
    I2C1_EV_IRQHandler                       0x0800340f   Thumb Code     0  startup_stm32f2xx.o(.text)
    I2C2_ER_IRQHandler                       0x0800340f   Thumb Code     0  startup_stm32f2xx.o(.text)
    I2C2_EV_IRQHandler                       0x0800340f   Thumb Code     0  startup_stm32f2xx.o(.text)
    I2C3_ER_IRQHandler                       0x0800340f   Thumb Code     0  startup_stm32f2xx.o(.text)
    I2C3_EV_IRQHandler                       0x0800340f   Thumb Code     0  startup_stm32f2xx.o(.text)
    OTG_FS_IRQHandler                        0x0800340f   Thumb Code     0  startup_stm32f2xx.o(.text)
    OTG_FS_WKUP_IRQHandler                   0x0800340f   Thumb Code     0  startup_stm32f2xx.o(.text)
    OTG_HS_EP1_IN_IRQHandler                 0x0800340f   Thumb Code     0  startup_stm32f2xx.o(.text)
    OTG_HS_EP1_OUT_IRQHandler                0x0800340f   Thumb Code     0  startup_stm32f2xx.o(.text)
    OTG_HS_IRQHandler                        0x0800340f   Thumb Code     0  startup_stm32f2xx.o(.text)
    OTG_HS_WKUP_IRQHandler                   0x0800340f   Thumb Code     0  startup_stm32f2xx.o(.text)
    PVD_IRQHandler                           0x0800340f   Thumb Code     0  startup_stm32f2xx.o(.text)
    RCC_IRQHandler                           0x0800340f   Thumb Code     0  startup_stm32f2xx.o(.text)
    RTC_Alarm_IRQHandler                     0x0800340f   Thumb Code     0  startup_stm32f2xx.o(.text)
    RTC_WKUP_IRQHandler                      0x0800340f   Thumb Code     0  startup_stm32f2xx.o(.text)
    SDIO_IRQHandler                          0x0800340f   Thumb Code     0  startup_stm32f2xx.o(.text)
    SPI1_IRQHandler                          0x0800340f   Thumb Code     0  startup_stm32f2xx.o(.text)
    SPI2_IRQHandler                          0x0800340f   Thumb Code     0  startup_stm32f2xx.o(.text)
    SPI3_IRQHandler                          0x0800340f   Thumb Code     0  startup_stm32f2xx.o(.text)
    TAMP_STAMP_IRQHandler                    0x0800340f   Thumb Code     0  startup_stm32f2xx.o(.text)
    TIM1_BRK_TIM9_IRQHandler                 0x0800340f   Thumb Code     0  startup_stm32f2xx.o(.text)
    TIM1_CC_IRQHandler                       0x0800340f   Thumb Code     0  startup_stm32f2xx.o(.text)
    TIM1_TRG_COM_TIM11_IRQHandler            0x0800340f   Thumb Code     0  startup_stm32f2xx.o(.text)
    TIM1_UP_TIM10_IRQHandler                 0x0800340f   Thumb Code     0  startup_stm32f2xx.o(.text)
    TIM3_IRQHandler                          0x0800340f   Thumb Code     0  startup_stm32f2xx.o(.text)
    TIM4_IRQHandler                          0x0800340f   Thumb Code     0  startup_stm32f2xx.o(.text)
    TIM5_IRQHandler                          0x0800340f   Thumb Code     0  startup_stm32f2xx.o(.text)
    TIM6_DAC_IRQHandler                      0x0800340f   Thumb Code     0  startup_stm32f2xx.o(.text)
    TIM7_IRQHandler                          0x0800340f   Thumb Code     0  startup_stm32f2xx.o(.text)
    TIM8_BRK_TIM12_IRQHandler                0x0800340f   Thumb Code     0  startup_stm32f2xx.o(.text)
    TIM8_CC_IRQHandler                       0x0800340f   Thumb Code     0  startup_stm32f2xx.o(.text)
    TIM8_TRG_COM_TIM14_IRQHandler            0x0800340f   Thumb Code     0  startup_stm32f2xx.o(.text)
    TIM8_UP_TIM13_IRQHandler                 0x0800340f   Thumb Code     0  startup_stm32f2xx.o(.text)
    WWDG_IRQHandler                          0x0800340f   Thumb Code     0  startup_stm32f2xx.o(.text)
    __user_initial_stackheap                 0x08003411   Thumb Code     0  startup_stm32f2xx.o(.text)
    __use_two_region_memory                  0x08003431   Thumb Code     2  heapauxi.o(.text)
    __rt_heap_escrow$2region                 0x08003433   Thumb Code     2  heapauxi.o(.text)
    __rt_heap_expand$2region                 0x08003435   Thumb Code     2  heapauxi.o(.text)
    __user_setup_stackheap                   0x08003437   Thumb Code    74  sys_stackheap_outer.o(.text)
    exit                                     0x08003481   Thumb Code    18  exit.o(.text)
    __user_libspace                          0x08003495   Thumb Code     8  libspace.o(.text)
    __user_perproc_libspace                  0x08003495   Thumb Code     0  libspace.o(.text)
    __user_perthread_libspace                0x08003495   Thumb Code     0  libspace.o(.text)
    _sys_exit                                0x0800349d   Thumb Code     8  sys_exit.o(.text)
    __I$use$semihosting                      0x080034a9   Thumb Code     0  use_no_semi.o(.text)
    __use_no_semihosting_swi                 0x080034a9   Thumb Code     2  use_no_semi.o(.text)
    __semihosting_library_function           0x080034ab   Thumb Code     0  indicate_semi.o(.text)
    Region$$Table$$Base                      0x080034ac   Number         0  anon$$obj.o(Region$$Table)
    Region$$Table$$Limit                     0x080034cc   Number         0  anon$$obj.o(Region$$Table)
    DIR                                      0x20000000   Data          32  main.o(.data)
    coord                                    0x20000020   Data         160  main.o(.data)
    StartUpCounter                           0x200000c0   Data           4  main.o(.data)
    HSEStatus                                0x200000c4   Data           4  main.o(.data)
    GPIO_InitStructure                       0x200000c8   Data           8  main.o(.data)
    EXTI_InitStructure                       0x200000d0   Data           8  main.o(.data)
    NVIC_InitStructure                       0x200000d8   Data           4  main.o(.data)
    key_button1                              0x200000dc   Data           2  main.o(.data)
    key_button2                              0x200000de   Data           2  main.o(.data)
    key_button3                              0x200000e0   Data           2  main.o(.data)
    key_button4                              0x200000e2   Data           2  main.o(.data)
    key_value                                0x200000e4   Data           1  main.o(.data)
    cx                                       0x200000e8   Data           4  main.o(.data)
    cy                                       0x200000ec   Data           4  main.o(.data)
    gocx                                     0x200000f0   Data           4  main.o(.data)
    gocy                                     0x200000f4   Data           4  main.o(.data)
    whichChess                               0x200000f8   Data           4  main.o(.data)
    CB                                       0x200000fc   Data          80  main.o(.data)
    i                                        0x2000014c   Data           4  main.o(.data)
    player1                                  0x20000150   Data          76  main.o(.data)
    player2                                  0x2000019c   Data          76  main.o(.data)
    Player1                                  0x200001e8   Data           4  main.o(.data)
    Player2                                  0x200001ec   Data           4  main.o(.data)
    State                                    0x200001f0   Data           1  main.o(.data)
    FSMC_NORSRAMInitStructure                0x20000204   Data          60  main.o(.bss)
    p                                        0x20000240   Data          28  main.o(.bss)
    __libspace_start                         0x2000025c   Data          96  libspace.o(.bss)
    __temporary_stack_top$libspace           0x200002bc   Data           0  libspace.o(.bss)



==============================================================================

Memory Map of the image

  Image Entry point : 0x08000185

  Load Region LR_IROM1 (Base: 0x08000000, Size: 0x000036d0, Max: 0x00040000, ABSOLUTE, COMPRESSED[0x00003564])

    Execution Region ER_IROM1 (Exec base: 0x08000000, Load base: 0x08000000, Size: 0x000034cc, Max: 0x00040000, ABSOLUTE)

    Exec Addr    Load Addr    Size         Type   Attr      Idx    E Section Name        Object

    0x08000000   0x08000000   0x00000184   Data   RO          666    RESET               startup_stm32f2xx.o
    0x08000184   0x08000184   0x00000008   Code   RO          675  * !!!main             c_w.l(__main.o)
    0x0800018c   0x0800018c   0x00000034   Code   RO          834    !!!scatter          c_w.l(__scatter.o)
    0x080001c0   0x080001c0   0x0000005a   Code   RO          832    !!dczerorl2         c_w.l(__dczerorl2.o)
    0x0800021a   0x0800021a   0x00000002   PAD
    0x0800021c   0x0800021c   0x0000001c   Code   RO          836    !!handler_zi        c_w.l(__scatter_zi.o)
    0x08000238   0x08000238   0x00000002   Code   RO          702    .ARM.Collect$$libinit$$00000000  c_w.l(libinit.o)
    0x0800023a   0x0800023a   0x00000000   Code   RO          709    .ARM.Collect$$libinit$$00000002  c_w.l(libinit2.o)
    0x0800023a   0x0800023a   0x00000000   Code   RO          711    .ARM.Collect$$libinit$$00000004  c_w.l(libinit2.o)
    0x0800023a   0x0800023a   0x00000000   Code   RO          714    .ARM.Collect$$libinit$$0000000A  c_w.l(libinit2.o)
    0x0800023a   0x0800023a   0x00000000   Code   RO          716    .ARM.Collect$$libinit$$0000000C  c_w.l(libinit2.o)
    0x0800023a   0x0800023a   0x00000000   Code   RO          718    .ARM.Collect$$libinit$$0000000E  c_w.l(libinit2.o)
    0x0800023a   0x0800023a   0x00000000   Code   RO          721    .ARM.Collect$$libinit$$00000011  c_w.l(libinit2.o)
    0x0800023a   0x0800023a   0x00000000   Code   RO          723    .ARM.Collect$$libinit$$00000013  c_w.l(libinit2.o)
    0x0800023a   0x0800023a   0x00000000   Code   RO          725    .ARM.Collect$$libinit$$00000015  c_w.l(libinit2.o)
    0x0800023a   0x0800023a   0x00000000   Code   RO          727    .ARM.Collect$$libinit$$00000017  c_w.l(libinit2.o)
    0x0800023a   0x0800023a   0x00000000   Code   RO          729    .ARM.Collect$$libinit$$00000019  c_w.l(libinit2.o)
    0x0800023a   0x0800023a   0x00000000   Code   RO          731    .ARM.Collect$$libinit$$0000001B  c_w.l(libinit2.o)
    0x0800023a   0x0800023a   0x00000000   Code   RO          733    .ARM.Collect$$libinit$$0000001D  c_w.l(libinit2.o)
    0x0800023a   0x0800023a   0x00000000   Code   RO          735    .ARM.Collect$$libinit$$0000001F  c_w.l(libinit2.o)
    0x0800023a   0x0800023a   0x00000000   Code   RO          737    .ARM.Collect$$libinit$$00000021  c_w.l(libinit2.o)
    0x0800023a   0x0800023a   0x00000000   Code   RO          739    .ARM.Collect$$libinit$$00000023  c_w.l(libinit2.o)
    0x0800023a   0x0800023a   0x00000000   Code   RO          741    .ARM.Collect$$libinit$$00000025  c_w.l(libinit2.o)
    0x0800023a   0x0800023a   0x00000000   Code   RO          745    .ARM.Collect$$libinit$$0000002C  c_w.l(libinit2.o)
    0x0800023a   0x0800023a   0x00000000   Code   RO          747    .ARM.Collect$$libinit$$0000002E  c_w.l(libinit2.o)
    0x0800023a   0x0800023a   0x00000000   Code   RO          749    .ARM.Collect$$libinit$$00000030  c_w.l(libinit2.o)
    0x0800023a   0x0800023a   0x00000000   Code   RO          751    .ARM.Collect$$libinit$$00000032  c_w.l(libinit2.o)
    0x0800023a   0x0800023a   0x00000002   Code   RO          752    .ARM.Collect$$libinit$$00000033  c_w.l(libinit2.o)
    0x0800023c   0x0800023c   0x00000002   Code   RO          772    .ARM.Collect$$libshutdown$$00000000  c_w.l(libshutdown.o)
    0x0800023e   0x0800023e   0x00000000   Code   RO          785    .ARM.Collect$$libshutdown$$00000002  c_w.l(libshutdown2.o)
    0x0800023e   0x0800023e   0x00000000   Code   RO          787    .ARM.Collect$$libshutdown$$00000004  c_w.l(libshutdown2.o)
    0x0800023e   0x0800023e   0x00000000   Code   RO          790    .ARM.Collect$$libshutdown$$00000007  c_w.l(libshutdown2.o)
    0x0800023e   0x0800023e   0x00000000   Code   RO          793    .ARM.Collect$$libshutdown$$0000000A  c_w.l(libshutdown2.o)
    0x0800023e   0x0800023e   0x00000000   Code   RO          795    .ARM.Collect$$libshutdown$$0000000C  c_w.l(libshutdown2.o)
    0x0800023e   0x0800023e   0x00000000   Code   RO          798    .ARM.Collect$$libshutdown$$0000000F  c_w.l(libshutdown2.o)
    0x0800023e   0x0800023e   0x00000002   Code   RO          799    .ARM.Collect$$libshutdown$$00000010  c_w.l(libshutdown2.o)
    0x08000240   0x08000240   0x00000000   Code   RO          677    .ARM.Collect$$rtentry$$00000000  c_w.l(__rtentry.o)
    0x08000240   0x08000240   0x00000000   Code   RO          679    .ARM.Collect$$rtentry$$00000002  c_w.l(__rtentry2.o)
    0x08000240   0x08000240   0x00000006   Code   RO          691    .ARM.Collect$$rtentry$$00000004  c_w.l(__rtentry4.o)
    0x08000246   0x08000246   0x00000000   Code   RO          681    .ARM.Collect$$rtentry$$00000009  c_w.l(__rtentry2.o)
    0x08000246   0x08000246   0x00000004   Code   RO          682    .ARM.Collect$$rtentry$$0000000A  c_w.l(__rtentry2.o)
    0x0800024a   0x0800024a   0x00000000   Code   RO          684    .ARM.Collect$$rtentry$$0000000C  c_w.l(__rtentry2.o)
    0x0800024a   0x0800024a   0x00000008   Code   RO          685    .ARM.Collect$$rtentry$$0000000D  c_w.l(__rtentry2.o)
    0x08000252   0x08000252   0x00000002   Code   RO          706    .ARM.Collect$$rtexit$$00000000  c_w.l(rtexit.o)
    0x08000254   0x08000254   0x00000000   Code   RO          754    .ARM.Collect$$rtexit$$00000002  c_w.l(rtexit2.o)
    0x08000254   0x08000254   0x00000004   Code   RO          755    .ARM.Collect$$rtexit$$00000003  c_w.l(rtexit2.o)
    0x08000258   0x08000258   0x00000006   Code   RO          756    .ARM.Collect$$rtexit$$00000004  c_w.l(rtexit2.o)
    0x0800025e   0x0800025e   0x00000002   PAD
    0x08000260   0x08000260   0x00001414   Code   RO            2    .text               main.o
    0x08001674   0x08001674   0x0000006c   Code   RO          126    .text               stm32f2xx_it.o
    0x080016e0   0x080016e0   0x000000e0   Code   RO          145    .text               misc.o
    0x080017c0   0x080017c0   0x0000011c   Code   RO          337    .text               stm32f2xx_exti.o
    0x080018dc   0x080018dc   0x00000608   Code   RO          369    .text               stm32f2xx_fsmc.o
    0x08001ee4   0x08001ee4   0x0000025c   Code   RO          385    .text               stm32f2xx_gpio.o
    0x08002140   0x08002140   0x00000588   Code   RO          497    .text               stm32f2xx_rcc.o
    0x080026c8   0x080026c8   0x0000008c   Code   RO          579    .text               stm32f2xx_syscfg.o
    0x08002754   0x08002754   0x00000ca2   Code   RO          595    .text               stm32f2xx_tim.o
    0x080033f6   0x080033f6   0x00000002   PAD
    0x080033f8   0x080033f8   0x00000038   Code   RO          667    .text               startup_stm32f2xx.o
    0x08003430   0x08003430   0x00000006   Code   RO          673    .text               c_w.l(heapauxi.o)
    0x08003436   0x08003436   0x0000004a   Code   RO          693    .text               c_w.l(sys_stackheap_outer.o)
    0x08003480   0x08003480   0x00000012   Code   RO          695    .text               c_w.l(exit.o)
    0x08003492   0x08003492   0x00000002   PAD
    0x08003494   0x08003494   0x00000008   Code   RO          703    .text               c_w.l(libspace.o)
    0x0800349c   0x0800349c   0x0000000c   Code   RO          764    .text               c_w.l(sys_exit.o)
    0x080034a8   0x080034a8   0x00000002   Code   RO          775    .text               c_w.l(use_no_semi.o)
    0x080034aa   0x080034aa   0x00000000   Code   RO          777    .text               c_w.l(indicate_semi.o)
    0x080034aa   0x080034aa   0x00000002   PAD
    0x080034ac   0x080034ac   0x00000020   Data   RO          830    Region$$Table       anon$$obj.o


    Execution Region RW_IRAM1 (Exec base: 0x20000000, Load base: 0x080034cc, Size: 0x000008c0, Max: 0x00020000, ABSOLUTE, COMPRESSED[0x00000098])

    Exec Addr    Load Addr    Size         Type   Attr      Idx    E Section Name        Object

    0x20000000   COMPRESSED   0x000001f1   Data   RW            4    .data               main.o
    0x200001f1   COMPRESSED   0x00000010   Data   RW          498    .data               stm32f2xx_rcc.o
    0x20000201   COMPRESSED   0x00000003   PAD
    0x20000204        -       0x00000058   Zero   RW            3    .bss                main.o
    0x2000025c        -       0x00000060   Zero   RW          704    .bss                c_w.l(libspace.o)
    0x200002bc   COMPRESSED   0x00000004   PAD
    0x200002c0        -       0x00000200   Zero   RW          665    HEAP                startup_stm32f2xx.o
    0x200004c0        -       0x00000400   Zero   RW          664    STACK               startup_stm32f2xx.o


==============================================================================

Image component sizes


      Code (inc. data)   RO Data    RW Data    ZI Data      Debug   Object Name

      5140        186          0        497         88     270545   main.o
       224         20          0          0          0       1773   misc.o
        56         22        388          0       1536        792   startup_stm32f2xx.o
       284         10          0          0          0       2227   stm32f2xx_exti.o
      1544         14          0          0          0       5351   stm32f2xx_fsmc.o
       604         36          0          0          0       3937   stm32f2xx_gpio.o
       108          6          0          0          0       2091   stm32f2xx_it.o
      1416         48          0         16          0      10919   stm32f2xx_rcc.o
       140         12          0          0          0       1495   stm32f2xx_syscfg.o
      3234         60          0          0          0      22820   stm32f2xx_tim.o

    ----------------------------------------------------------------------
     12752        414        420        516       1624     321950   Object Totals
         0          0         32          0          0          0   (incl. Generated)
         2          0          0          3          0          0   (incl. Padding)

    ----------------------------------------------------------------------

      Code (inc. data)   RO Data    RW Data    ZI Data      Debug   Library Member Name

        90          0          0          0          0          0   __dczerorl2.o
         8          0          0          0          0         68   __main.o
         0          0          0          0          0          0   __rtentry.o
        12          0          0          0          0          0   __rtentry2.o
         6          0          0          0          0          0   __rtentry4.o
        52          8          0          0          0          0   __scatter.o
        28          0          0          0          0          0   __scatter_zi.o
        18          0          0          0          0         80   exit.o
         6          0          0          0          0        152   heapauxi.o
         0          0          0          0          0          0   indicate_semi.o
         2          0          0          0          0          0   libinit.o
         2          0          0          0          0          0   libinit2.o
         2          0          0          0          0          0   libshutdown.o
         2          0          0          0          0          0   libshutdown2.o
         8          4          0          0         96         68   libspace.o
         2          0          0          0          0          0   rtexit.o
        10          0          0          0          0          0   rtexit2.o
        12          4          0          0          0         68   sys_exit.o
        74          0          0          0          0         80   sys_stackheap_outer.o
         2          0          0          0          0         68   use_no_semi.o

    ----------------------------------------------------------------------
       344         16          0          0        100        584   Library Totals
         8          0          0          0          4          0   (incl. Padding)

    ----------------------------------------------------------------------

      Code (inc. data)   RO Data    RW Data    ZI Data      Debug   Library Name

       336         16          0          0         96        584   c_w.l

    ----------------------------------------------------------------------
       344         16          0          0        100        584   Library Totals

    ----------------------------------------------------------------------

==============================================================================


      Code (inc. data)   RO Data    RW Data    ZI Data      Debug   

     13096        430        420        516       1724     321334   Grand Totals
     13096        430        420        152       1724     321334   ELF Image Totals (compressed)
     13096        430        420        152          0          0   ROM Totals

==============================================================================

    Total RO  Size (Code + RO Data)                13516 (  13.20kB)
    Total RW  Size (RW Data + ZI Data)              2240 (   2.19kB)
    Total ROM Size (Code + RO Data + RW Data)      13668 (  13.35kB)

==============================================================================

